Archive member included to satisfy reference by file (symbol)

d:/programs/stm32/stm32cubeide_1.7.0/stm32cubeide/plugins/com.st.stm32cube.ide.mcu.externaltools.gnu-tools-for-stm32.9-2020-q2-update.win32_2.0.0.202105311346/tools/bin/../lib/gcc/arm-none-eabi/9.3.1/../../../../arm-none-eabi/lib/thumb/v7-m/nofp\libc_nano.a(lib_a-errno.o)
                              ./Core/Src/syscalls.o (__errno)
d:/programs/stm32/stm32cubeide_1.7.0/stm32cubeide/plugins/com.st.stm32cube.ide.mcu.externaltools.gnu-tools-for-stm32.9-2020-q2-update.win32_2.0.0.202105311346/tools/bin/../lib/gcc/arm-none-eabi/9.3.1/../../../../arm-none-eabi/lib/thumb/v7-m/nofp\libc_nano.a(lib_a-exit.o)
                              d:/programs/stm32/stm32cubeide_1.7.0/stm32cubeide/plugins/com.st.stm32cube.ide.mcu.externaltools.gnu-tools-for-stm32.9-2020-q2-update.win32_2.0.0.202105311346/tools/bin/../lib/gcc/arm-none-eabi/9.3.1/../../../../arm-none-eabi/lib/thumb/v7-m/nofp/crt0.o (exit)
d:/programs/stm32/stm32cubeide_1.7.0/stm32cubeide/plugins/com.st.stm32cube.ide.mcu.externaltools.gnu-tools-for-stm32.9-2020-q2-update.win32_2.0.0.202105311346/tools/bin/../lib/gcc/arm-none-eabi/9.3.1/../../../../arm-none-eabi/lib/thumb/v7-m/nofp\libc_nano.a(lib_a-impure.o)
                              d:/programs/stm32/stm32cubeide_1.7.0/stm32cubeide/plugins/com.st.stm32cube.ide.mcu.externaltools.gnu-tools-for-stm32.9-2020-q2-update.win32_2.0.0.202105311346/tools/bin/../lib/gcc/arm-none-eabi/9.3.1/../../../../arm-none-eabi/lib/thumb/v7-m/nofp\libc_nano.a(lib_a-exit.o) (_global_impure_ptr)
d:/programs/stm32/stm32cubeide_1.7.0/stm32cubeide/plugins/com.st.stm32cube.ide.mcu.externaltools.gnu-tools-for-stm32.9-2020-q2-update.win32_2.0.0.202105311346/tools/bin/../lib/gcc/arm-none-eabi/9.3.1/../../../../arm-none-eabi/lib/thumb/v7-m/nofp\libc_nano.a(lib_a-init.o)
                              d:/programs/stm32/stm32cubeide_1.7.0/stm32cubeide/plugins/com.st.stm32cube.ide.mcu.externaltools.gnu-tools-for-stm32.9-2020-q2-update.win32_2.0.0.202105311346/tools/bin/../lib/gcc/arm-none-eabi/9.3.1/../../../../arm-none-eabi/lib/thumb/v7-m/nofp/crt0.o (__libc_init_array)
d:/programs/stm32/stm32cubeide_1.7.0/stm32cubeide/plugins/com.st.stm32cube.ide.mcu.externaltools.gnu-tools-for-stm32.9-2020-q2-update.win32_2.0.0.202105311346/tools/bin/../lib/gcc/arm-none-eabi/9.3.1/../../../../arm-none-eabi/lib/thumb/v7-m/nofp\libc_nano.a(lib_a-malloc.o)
                              ./Core/Src/timer.o (malloc)
d:/programs/stm32/stm32cubeide_1.7.0/stm32cubeide/plugins/com.st.stm32cube.ide.mcu.externaltools.gnu-tools-for-stm32.9-2020-q2-update.win32_2.0.0.202105311346/tools/bin/../lib/gcc/arm-none-eabi/9.3.1/../../../../arm-none-eabi/lib/thumb/v7-m/nofp\libc_nano.a(lib_a-memset.o)
                              d:/programs/stm32/stm32cubeide_1.7.0/stm32cubeide/plugins/com.st.stm32cube.ide.mcu.externaltools.gnu-tools-for-stm32.9-2020-q2-update.win32_2.0.0.202105311346/tools/bin/../lib/gcc/arm-none-eabi/9.3.1/../../../../arm-none-eabi/lib/thumb/v7-m/nofp/crt0.o (memset)
d:/programs/stm32/stm32cubeide_1.7.0/stm32cubeide/plugins/com.st.stm32cube.ide.mcu.externaltools.gnu-tools-for-stm32.9-2020-q2-update.win32_2.0.0.202105311346/tools/bin/../lib/gcc/arm-none-eabi/9.3.1/../../../../arm-none-eabi/lib/thumb/v7-m/nofp\libc_nano.a(lib_a-nano-freer.o)
                              d:/programs/stm32/stm32cubeide_1.7.0/stm32cubeide/plugins/com.st.stm32cube.ide.mcu.externaltools.gnu-tools-for-stm32.9-2020-q2-update.win32_2.0.0.202105311346/tools/bin/../lib/gcc/arm-none-eabi/9.3.1/../../../../arm-none-eabi/lib/thumb/v7-m/nofp\libc_nano.a(lib_a-malloc.o) (_free_r)
d:/programs/stm32/stm32cubeide_1.7.0/stm32cubeide/plugins/com.st.stm32cube.ide.mcu.externaltools.gnu-tools-for-stm32.9-2020-q2-update.win32_2.0.0.202105311346/tools/bin/../lib/gcc/arm-none-eabi/9.3.1/../../../../arm-none-eabi/lib/thumb/v7-m/nofp\libc_nano.a(lib_a-nano-mallocr.o)
                              d:/programs/stm32/stm32cubeide_1.7.0/stm32cubeide/plugins/com.st.stm32cube.ide.mcu.externaltools.gnu-tools-for-stm32.9-2020-q2-update.win32_2.0.0.202105311346/tools/bin/../lib/gcc/arm-none-eabi/9.3.1/../../../../arm-none-eabi/lib/thumb/v7-m/nofp\libc_nano.a(lib_a-malloc.o) (_malloc_r)
d:/programs/stm32/stm32cubeide_1.7.0/stm32cubeide/plugins/com.st.stm32cube.ide.mcu.externaltools.gnu-tools-for-stm32.9-2020-q2-update.win32_2.0.0.202105311346/tools/bin/../lib/gcc/arm-none-eabi/9.3.1/../../../../arm-none-eabi/lib/thumb/v7-m/nofp\libc_nano.a(lib_a-sbrkr.o)
                              d:/programs/stm32/stm32cubeide_1.7.0/stm32cubeide/plugins/com.st.stm32cube.ide.mcu.externaltools.gnu-tools-for-stm32.9-2020-q2-update.win32_2.0.0.202105311346/tools/bin/../lib/gcc/arm-none-eabi/9.3.1/../../../../arm-none-eabi/lib/thumb/v7-m/nofp\libc_nano.a(lib_a-nano-mallocr.o) (_sbrk_r)
[...]
Memory Configuration

Name             Origin             Length             Attributes
RAM              0x0000000020000000 0x0000000000005000 xrw
FLASH            0x0000000008000000 0x0000000000020000 xr
*default*        0x0000000000000000 0xffffffffffffffff

Linker script and memory map

LOAD d:/programs/stm32/stm32cubeide_1.7.0/stm32cubeide/plugins/com.st.stm32cube.ide.mcu.externaltools.gnu-tools-for-stm32.9-2020-q2-update.win32_2.0.0.202105311346/tools/bin/../lib/gcc/arm-none-eabi/9.3.1/thumb/v7-m/nofp/crti.o
LOAD d:/programs/stm32/stm32cubeide_1.7.0/stm32cubeide/plugins/com.st.stm32cube.ide.mcu.externaltools.gnu-tools-for-stm32.9-2020-q2-update.win32_2.0.0.202105311346/tools/bin/../lib/gcc/arm-none-eabi/9.3.1/thumb/v7-m/nofp/crtbegin.o
LOAD d:/programs/stm32/stm32cubeide_1.7.0/stm32cubeide/plugins/com.st.stm32cube.ide.mcu.externaltools.gnu-tools-for-stm32.9-2020-q2-update.win32_2.0.0.202105311346/tools/bin/../lib/gcc/arm-none-eabi/9.3.1/../../../../arm-none-eabi/lib/thumb/v7-m/nofp/crt0.o
LOAD ./Core/Src/button.o
LOAD ./Core/Src/buzzer.o
LOAD ./Core/Src/duration.o
LOAD ./Core/Src/fsmPedestrian.o
LOAD ./Core/Src/fsmTraffic.o
LOAD ./Core/Src/global.o
LOAD ./Core/Src/led.o
LOAD ./Core/Src/main.o
LOAD ./Core/Src/stm32f1xx_hal_msp.o
LOAD ./Core/Src/stm32f1xx_it.o
LOAD ./Core/Src/syscalls.o
LOAD ./Core/Src/sysmem.o
LOAD ./Core/Src/system_stm32f1xx.o
LOAD ./Core/Src/testIO.o
LOAD ./Core/Src/timer.o
LOAD ./Core/Src/uart.o
LOAD ./Core/Startup/startup_stm32f103rbtx.o
LOAD ./Drivers/STM32F1xx_HAL_Driver/Src/stm32f1xx_hal.o
LOAD ./Drivers/STM32F1xx_HAL_Driver/Src/stm32f1xx_hal_cortex.o
LOAD ./Drivers/STM32F1xx_HAL_Driver/Src/stm32f1xx_hal_dma.o
LOAD ./Drivers/STM32F1xx_HAL_Driver/Src/stm32f1xx_hal_exti.o
LOAD ./Drivers/STM32F1xx_HAL_Driver/Src/stm32f1xx_hal_flash.o
LOAD ./Drivers/STM32F1xx_HAL_Driver/Src/stm32f1xx_hal_flash_ex.o
LOAD ./Drivers/STM32F1xx_HAL_Driver/Src/stm32f1xx_hal_gpio.o
LOAD ./Drivers/STM32F1xx_HAL_Driver/Src/stm32f1xx_hal_gpio_ex.o
LOAD ./Drivers/STM32F1xx_HAL_Driver/Src/stm32f1xx_hal_pwr.o
LOAD ./Drivers/STM32F1xx_HAL_Driver/Src/stm32f1xx_hal_rcc.o
LOAD ./Drivers/STM32F1xx_HAL_Driver/Src/stm32f1xx_hal_rcc_ex.o
LOAD ./Drivers/STM32F1xx_HAL_Driver/Src/stm32f1xx_hal_tim.o
LOAD ./Drivers/STM32F1xx_HAL_Driver/Src/stm32f1xx_hal_tim_ex.o
LOAD ./Drivers/STM32F1xx_HAL_Driver/Src/stm32f1xx_hal_uart.o
START GROUP
LOAD d:/programs/stm32/stm32cubeide_1.7.0/stm32cubeide/plugins/com.st.stm32cube.ide.mcu.externaltools.gnu-tools-for-stm32.9-2020-q2-update.win32_2.0.0.202105311346/tools/bin/../lib/gcc/arm-none-eabi/9.3.1/../../../../arm-none-eabi/lib/thumb/v7-m/nofp\libc_nano.a
LOAD d:/programs/stm32/stm32cubeide_1.7.0/stm32cubeide/plugins/com.st.stm32cube.ide.mcu.externaltools.gnu-tools-for-stm32.9-2020-q2-update.win32_2.0.0.202105311346/tools/bin/../lib/gcc/arm-none-eabi/9.3.1/../../../../arm-none-eabi/lib/thumb/v7-m/nofp\libm.a
END GROUP
START GROUP
LOAD d:/programs/stm32/stm32cubeide_1.7.0/stm32cubeide/plugins/com.st.stm32cube.ide.mcu.externaltools.gnu-tools-for-stm32.9-2020-q2-update.win32_2.0.0.202105311346/tools/bin/../lib/gcc/arm-none-eabi/9.3.1/thumb/v7-m/nofp\libgcc.a
LOAD d:/programs/stm32/stm32cubeide_1.7.0/stm32cubeide/plugins/com.st.stm32cube.ide.mcu.externaltools.gnu-tools-for-stm32.9-2020-q2-update.win32_2.0.0.202105311346/tools/bin/../lib/gcc/arm-none-eabi/9.3.1/../../../../arm-none-eabi/lib/thumb/v7-m/nofp\libc_nano.a
END GROUP
START GROUP
LOAD d:/programs/stm32/stm32cubeide_1.7.0/stm32cubeide/plugins/com.st.stm32cube.ide.mcu.externaltools.gnu-tools-for-stm32.9-2020-q2-update.win32_2.0.0.202105311346/tools/bin/../lib/gcc/arm-none-eabi/9.3.1/thumb/v7-m/nofp\libgcc.a
LOAD d:/programs/stm32/stm32cubeide_1.7.0/stm32cubeide/plugins/com.st.stm32cube.ide.mcu.externaltools.gnu-tools-for-stm32.9-2020-q2-update.win32_2.0.0.202105311346/tools/bin/../lib/gcc/arm-none-eabi/9.3.1/../../../../arm-none-eabi/lib/thumb/v7-m/nofp\libc_nano.a
LOAD d:/programs/stm32/stm32cubeide_1.7.0/stm32cubeide/plugins/com.st.stm32cube.ide.mcu.externaltools.gnu-tools-for-stm32.9-2020-q2-update.win32_2.0.0.202105311346/tools/bin/../lib/gcc/arm-none-eabi/9.3.1/../../../../arm-none-eabi/lib/thumb/v7-m/nofp\libnosys.a
END GROUP
START GROUP
LOAD d:/programs/stm32/stm32cubeide_1.7.0/stm32cubeide/plugins/com.st.stm32cube.ide.mcu.externaltools.gnu-tools-for-stm32.9-2020-q2-update.win32_2.0.0.202105311346/tools/bin/../lib/gcc/arm-none-eabi/9.3.1/thumb/v7-m/nofp\libgcc.a
LOAD d:/programs/stm32/stm32cubeide_1.7.0/stm32cubeide/plugins/com.st.stm32cube.ide.mcu.externaltools.gnu-tools-for-stm32.9-2020-q2-update.win32_2.0.0.202105311346/tools/bin/../lib/gcc/arm-none-eabi/9.3.1/../../../../arm-none-eabi/lib/thumb/v7-m/nofp\libc_nano.a
LOAD d:/programs/stm32/stm32cubeide_1.7.0/stm32cubeide/plugins/com.st.stm32cube.ide.mcu.externaltools.gnu-tools-for-stm32.9-2020-q2-update.win32_2.0.0.202105311346/tools/bin/../lib/gcc/arm-none-eabi/9.3.1/../../../../arm-none-eabi/lib/thumb/v7-m/nofp\libnosys.a
END GROUP
LOAD d:/programs/stm32/stm32cubeide_1.7.0/stm32cubeide/plugins/com.st.stm32cube.ide.mcu.externaltools.gnu-tools-for-stm32.9-2020-q2-update.win32_2.0.0.202105311346/tools/bin/../lib/gcc/arm-none-eabi/9.3.1/thumb/v7-m/nofp/crtend.o
LOAD d:/programs/stm32/stm32cubeide_1.7.0/stm32cubeide/plugins/com.st.stm32cube.ide.mcu.externaltools.gnu-tools-for-stm32.9-2020-q2-update.win32_2.0.0.202105311346/tools/bin/../lib/gcc/arm-none-eabi/9.3.1/thumb/v7-m/nofp/crtn.o
                0x0000000020005000                _estack = (ORIGIN (RAM) + LENGTH (RAM))
                0x0000000000000200                _Min_Heap_Size = 0x200
                0x0000000000000400                _Min_Stack_Size = 0x400

.isr_vector     0x0000000008000000      0x10c
                0x0000000008000000                . = ALIGN (0x4)
 *(.isr_vector)
 .isr_vector    0x0000000008000000      0x10c ./Core/Startup/startup_stm32f103rbtx.o
                0x0000000008000000                g_pfnVectors
                0x000000000800010c                . = ALIGN (0x4)

.text           0x000000000800010c     0x44ec
                0x000000000800010c                . = ALIGN (0x4)
 *(.text)
 .text          0x000000000800010c       0x40 d:/programs/stm32/stm32cubeide_1.7.0/stm32cubeide/plugins/com.st.stm32cube.ide.mcu.externaltools.gnu-tools-for-stm32.9-2020-q2-update.win32_2.0.0.202105311346/tools/bin/../lib/gcc/arm-none-eabi/9.3.1/thumb/v7-m/nofp/crtbegin.o
 *(.text*)
 .text.readButton
                0x000000000800014c      0x188 ./Core/Src/button.o
                0x000000000800014c                readButton
 .text.subKeyProcess
                0x00000000080002d4       0x54 ./Core/Src/button.o
                0x00000000080002d4                subKeyProcess
 .text.isBtnPress
                0x0000000008000328       0x34 ./Core/Src/button.o
                0x0000000008000328                isBtnPress
 .text.isBtnLongPress
                0x000000000800035c       0x28 ./Core/Src/button.o
                0x000000000800035c                isBtnLongPress
 .text.buzzerModifyVolume
                0x0000000008000384       0x20 ./Core/Src/buzzer.o
                0x0000000008000384                buzzerModifyVolume
 .text.buzzerTurnOn
                0x00000000080003a4        0xe ./Core/Src/buzzer.o
                0x00000000080003a4                buzzerTurnOn
 .text.buzzerTurnOff
                0x00000000080003b2        0xe ./Core/Src/buzzer.o
                0x00000000080003b2                buzzerTurnOff
 .text.buzzerBlink
                0x00000000080003c0       0x20 ./Core/Src/buzzer.o
                0x00000000080003c0                buzzerBlink
 .text.setDuration
                0x00000000080003e0       0x30 ./Core/Src/duration.o
                0x00000000080003e0                setDuration
 .text.getDuration
                0x0000000008000410       0x6c ./Core/Src/duration.o
                0x0000000008000410                getDuration
 .text.runDuration
                0x000000000800047c       0x3c ./Core/Src/duration.o
                0x000000000800047c                runDuration
 .text.initPedestrian
                0x00000000080004b8       0x20 ./Core/Src/fsmPedestrian.o
                0x00000000080004b8                initPedestrian
 .text.sendPdDuration
                0x00000000080004d8       0x40 ./Core/Src/fsmPedestrian.o
                0x00000000080004d8                sendPdDuration
 .text.initAcitvePd
                0x0000000008000518       0x58 ./Core/Src/fsmPedestrian.o
                0x0000000008000518                initAcitvePd
 .text.fsmPdActive
                0x0000000008000570       0xd0 ./Core/Src/fsmPedestrian.o
                0x0000000008000570                fsmPdActive
 .text.fsmPedestrian
                0x0000000008000640       0xc4 ./Core/Src/fsmPedestrian.o
                0x0000000008000640                fsmPedestrian
 .text.initTraffic
                0x0000000008000704       0x40 ./Core/Src/fsmTraffic.o
                0x0000000008000704                initTraffic
 .text.getTrafficCurrDur
                0x0000000008000744       0x14 ./Core/Src/fsmTraffic.o
                0x0000000008000744                getTrafficCurrDur
 .text.sendTrafficDuration
                0x0000000008000758       0x48 ./Core/Src/fsmTraffic.o
                0x0000000008000758                sendTrafficDuration
 .text.fsmAutoA
                0x00000000080007a0      0x118 ./Core/Src/fsmTraffic.o
                0x00000000080007a0                fsmAutoA
 .text.fsmAutoB
                0x00000000080008b8       0xcc ./Core/Src/fsmTraffic.o
                0x00000000080008b8                fsmAutoB
 .text.fsmManual
                0x0000000008000984       0xec ./Core/Src/fsmTraffic.o
                0x0000000008000984                fsmManual
 .text.increaseDuration
                0x0000000008000a70       0x54 ./Core/Src/fsmTraffic.o
                0x0000000008000a70                increaseDuration
 .text.fsmSet   0x0000000008000ac4      0x18c ./Core/Src/fsmTraffic.o
                0x0000000008000ac4                fsmSet
 .text.fsmTraffic
                0x0000000008000c50      0x214 ./Core/Src/fsmTraffic.o
                0x0000000008000c50                fsmTraffic
 .text.isSetMode
                0x0000000008000e64       0x20 ./Core/Src/fsmTraffic.o
                0x0000000008000e64                isSetMode
 .text.getTotalDuration
                0x0000000008000e84       0x20 ./Core/Src/global.o
                0x0000000008000e84                getTotalDuration
 .text.clearAllLed
                0x0000000008000ea4       0x28 ./Core/Src/led.o
                0x0000000008000ea4                clearAllLed
 .text.turnOnLed
                0x0000000008000ecc      0x160 ./Core/Src/led.o
                0x0000000008000ecc                turnOnLed
 .text.turnOffLed
                0x000000000800102c       0x78 ./Core/Src/led.o
                0x000000000800102c                turnOffLed
 .text.blinkPdLed
                0x00000000080010a4       0x30 ./Core/Src/led.o
                0x00000000080010a4                blinkPdLed
 .text.main     0x00000000080010d4       0x48 ./Core/Src/main.o
                0x00000000080010d4                main
 .text.SystemClock_Config
                0x000000000800111c       0x82 ./Core/Src/main.o
                0x000000000800111c                SystemClock_Config
 *fill*         0x000000000800119e        0x2 
 .text.MX_TIM2_Init
                0x00000000080011a0       0x98 ./Core/Src/main.o
 .text.MX_TIM3_Init
                0x0000000008001238       0xec ./Core/Src/main.o
 .text.MX_USART2_UART_Init
                0x0000000008001324       0x54 ./Core/Src/main.o
 .text.MX_GPIO_Init
                0x0000000008001378      0x140 ./Core/Src/main.o
 .text.HAL_TIM_PeriodElapsedCallback
                0x00000000080014b8       0x1c ./Core/Src/main.o
                0x00000000080014b8                HAL_TIM_PeriodElapsedCallback
 .text.Error_Handler
                0x00000000080014d4        0xa ./Core/Src/main.o
                0x00000000080014d4                Error_Handler
 *fill*         0x00000000080014de        0x2 
 .text.HAL_MspInit
                0x00000000080014e0       0x64 ./Core/Src/stm32f1xx_hal_msp.o
                0x00000000080014e0                HAL_MspInit
 .text.HAL_TIM_Base_MspInit
                0x0000000008001544       0x70 ./Core/Src/stm32f1xx_hal_msp.o
                0x0000000008001544                HAL_TIM_Base_MspInit
 .text.HAL_TIM_MspPostInit
                0x00000000080015b4       0x64 ./Core/Src/stm32f1xx_hal_msp.o
                0x00000000080015b4                HAL_TIM_MspPostInit
 .text.HAL_UART_MspInit
                0x0000000008001618       0x7c ./Core/Src/stm32f1xx_hal_msp.o
                0x0000000008001618                HAL_UART_MspInit
 .text.NMI_Handler
                0x0000000008001694        0x6 ./Core/Src/stm32f1xx_it.o
                0x0000000008001694                NMI_Handler
 .text.HardFault_Handler
                0x000000000800169a        0x6 ./Core/Src/stm32f1xx_it.o
                0x000000000800169a                HardFault_Handler
 .text.MemManage_Handler
                0x00000000080016a0        0x6 ./Core/Src/stm32f1xx_it.o
                0x00000000080016a0                MemManage_Handler
 .text.BusFault_Handler
                0x00000000080016a6        0x6 ./Core/Src/stm32f1xx_it.o
                0x00000000080016a6                BusFault_Handler
 .text.UsageFault_Handler
                0x00000000080016ac        0x6 ./Core/Src/stm32f1xx_it.o
                0x00000000080016ac                UsageFault_Handler
 .text.SVC_Handler
                0x00000000080016b2        0xc ./Core/Src/stm32f1xx_it.o
                0x00000000080016b2                SVC_Handler
 .text.DebugMon_Handler
                0x00000000080016be        0xc ./Core/Src/stm32f1xx_it.o
                0x00000000080016be                DebugMon_Handler
 .text.PendSV_Handler
                0x00000000080016ca        0xc ./Core/Src/stm32f1xx_it.o
                0x00000000080016ca                PendSV_Handler
 .text.SysTick_Handler
                0x00000000080016d6        0xc ./Core/Src/stm32f1xx_it.o
                0x00000000080016d6                SysTick_Handler
 *fill*         0x00000000080016e2        0x2 
 .text.TIM2_IRQHandler
                0x00000000080016e4       0x14 ./Core/Src/stm32f1xx_it.o
                0x00000000080016e4                TIM2_IRQHandler
 .text.EXTI15_10_IRQHandler
                0x00000000080016f8       0x10 ./Core/Src/stm32f1xx_it.o
                0x00000000080016f8                EXTI15_10_IRQHandler
 .text._sbrk    0x0000000008001708       0x6c ./Core/Src/sysmem.o
                0x0000000008001708                _sbrk
 .text.SystemInit
                0x0000000008001774        0xc ./Core/Src/system_stm32f1xx.o
                0x0000000008001774                SystemInit
 .text.timerUnitConstruct
                0x0000000008001780       0x3e ./Core/Src/timer.o
                0x0000000008001780                timerUnitConstruct
 .text.timerUnitDestruct
                0x00000000080017be       0x16 ./Core/Src/timer.o
                0x00000000080017be                timerUnitDestruct
 .text.SCH_ListAdd
                0x00000000080017d4      0x108 ./Core/Src/timer.o
                0x00000000080017d4                SCH_ListAdd
 .text.SCH_Pop  0x00000000080018dc       0x3c ./Core/Src/timer.o
                0x00000000080018dc                SCH_Pop
 .text.initTimer
                0x0000000008001918       0x1c ./Core/Src/timer.o
                0x0000000008001918                initTimer
 .text.runTimer
                0x0000000008001934       0x64 ./Core/Src/timer.o
                0x0000000008001934                runTimer
 .text.setTimerDuration
                0x0000000008001998       0x34 ./Core/Src/timer.o
                0x0000000008001998                setTimerDuration
 .text.checkTimerFlag
                0x00000000080019cc       0x30 ./Core/Src/timer.o
                0x00000000080019cc                checkTimerFlag
 .text.clearTimer
                0x00000000080019fc       0x9c ./Core/Src/timer.o
                0x00000000080019fc                clearTimer
 .text.sendUartNumber
                0x0000000008001a98       0x48 ./Core/Src/uart.o
                0x0000000008001a98                sendUartNumber
 .text.Reset_Handler
                0x0000000008001ae0       0x48 ./Core/Startup/startup_stm32f103rbtx.o
                0x0000000008001ae0                Reset_Handler
 .text.Default_Handler
                0x0000000008001b28        0x2 ./Core/Startup/startup_stm32f103rbtx.o
                0x0000000008001b28                RTC_Alarm_IRQHandler
                0x0000000008001b28                EXTI2_IRQHandler
                0x0000000008001b28                TIM1_CC_IRQHandler
                0x0000000008001b28                PVD_IRQHandler
                0x0000000008001b28                EXTI3_IRQHandler
                0x0000000008001b28                EXTI0_IRQHandler
                0x0000000008001b28                I2C2_EV_IRQHandler
                0x0000000008001b28                ADC1_2_IRQHandler
                0x0000000008001b28                SPI1_IRQHandler
                0x0000000008001b28                TAMPER_IRQHandler
                0x0000000008001b28                DMA1_Channel4_IRQHandler
                0x0000000008001b28                USART3_IRQHandler
                0x0000000008001b28                RTC_IRQHandler
                0x0000000008001b28                DMA1_Channel7_IRQHandler
                0x0000000008001b28                CAN1_RX1_IRQHandler
                0x0000000008001b28                TIM4_IRQHandler
                0x0000000008001b28                I2C1_EV_IRQHandler
                0x0000000008001b28                DMA1_Channel6_IRQHandler
                0x0000000008001b28                TIM3_IRQHandler
                0x0000000008001b28                RCC_IRQHandler
                0x0000000008001b28                TIM1_TRG_COM_IRQHandler
                0x0000000008001b28                DMA1_Channel1_IRQHandler
                0x0000000008001b28                Default_Handler
                0x0000000008001b28                EXTI9_5_IRQHandler
                0x0000000008001b28                SPI2_IRQHandler
                0x0000000008001b28                DMA1_Channel5_IRQHandler
                0x0000000008001b28                EXTI4_IRQHandler
                0x0000000008001b28                USB_LP_CAN1_RX0_IRQHandler
                0x0000000008001b28                USB_HP_CAN1_TX_IRQHandler
                0x0000000008001b28                DMA1_Channel3_IRQHandler
                0x0000000008001b28                TIM1_UP_IRQHandler
                0x0000000008001b28                WWDG_IRQHandler
                0x0000000008001b28                TIM1_BRK_IRQHandler
                0x0000000008001b28                EXTI1_IRQHandler
                0x0000000008001b28                USART2_IRQHandler
                0x0000000008001b28                I2C2_ER_IRQHandler
                0x0000000008001b28                DMA1_Channel2_IRQHandler
                0x0000000008001b28                CAN1_SCE_IRQHandler
                0x0000000008001b28                FLASH_IRQHandler
                0x0000000008001b28                USART1_IRQHandler
                0x0000000008001b28                I2C1_ER_IRQHandler
                0x0000000008001b28                USBWakeUp_IRQHandler
 *fill*         0x0000000008001b2a        0x2 
 .text.HAL_Init
                0x0000000008001b2c       0x2c ./Drivers/STM32F1xx_HAL_Driver/Src/stm32f1xx_hal.o
                0x0000000008001b2c                HAL_Init
 .text.HAL_InitTick
                0x0000000008001b58       0x60 ./Drivers/STM32F1xx_HAL_Driver/Src/stm32f1xx_hal.o
                0x0000000008001b58                HAL_InitTick
 .text.HAL_IncTick
                0x0000000008001bb8       0x24 ./Drivers/STM32F1xx_HAL_Driver/Src/stm32f1xx_hal.o
                0x0000000008001bb8                HAL_IncTick
 .text.HAL_GetTick
                0x0000000008001bdc       0x14 ./Drivers/STM32F1xx_HAL_Driver/Src/stm32f1xx_hal.o
                0x0000000008001bdc                HAL_GetTick
 .text.__NVIC_SetPriorityGrouping
                0x0000000008001bf0       0x48 ./Drivers/STM32F1xx_HAL_Driver/Src/stm32f1xx_hal_cortex.o
 .text.__NVIC_GetPriorityGrouping
                0x0000000008001c38       0x1c ./Drivers/STM32F1xx_HAL_Driver/Src/stm32f1xx_hal_cortex.o
 .text.__NVIC_EnableIRQ
                0x0000000008001c54       0x38 ./Drivers/STM32F1xx_HAL_Driver/Src/stm32f1xx_hal_cortex.o
 .text.__NVIC_SetPriority
                0x0000000008001c8c       0x54 ./Drivers/STM32F1xx_HAL_Driver/Src/stm32f1xx_hal_cortex.o
 .text.NVIC_EncodePriority
                0x0000000008001ce0       0x64 ./Drivers/STM32F1xx_HAL_Driver/Src/stm32f1xx_hal_cortex.o
 .text.SysTick_Config
                0x0000000008001d44       0x44 ./Drivers/STM32F1xx_HAL_Driver/Src/stm32f1xx_hal_cortex.o
 .text.HAL_NVIC_SetPriorityGrouping
                0x0000000008001d88       0x16 ./Drivers/STM32F1xx_HAL_Driver/Src/stm32f1xx_hal_cortex.o
                0x0000000008001d88                HAL_NVIC_SetPriorityGrouping
 .text.HAL_NVIC_SetPriority
                0x0000000008001d9e       0x38 ./Drivers/STM32F1xx_HAL_Driver/Src/stm32f1xx_hal_cortex.o
                0x0000000008001d9e                HAL_NVIC_SetPriority
 .text.HAL_NVIC_EnableIRQ
                0x0000000008001dd6       0x1c ./Drivers/STM32F1xx_HAL_Driver/Src/stm32f1xx_hal_cortex.o
                0x0000000008001dd6                HAL_NVIC_EnableIRQ
 .text.HAL_SYSTICK_Config
                0x0000000008001df2       0x18 ./Drivers/STM32F1xx_HAL_Driver/Src/stm32f1xx_hal_cortex.o
                0x0000000008001df2                HAL_SYSTICK_Config
 *fill*         0x0000000008001e0a        0x2 
 .text.HAL_GPIO_Init
                0x0000000008001e0c      0x308 ./Drivers/STM32F1xx_HAL_Driver/Src/stm32f1xx_hal_gpio.o
                0x0000000008001e0c                HAL_GPIO_Init
 .text.HAL_GPIO_ReadPin
                0x0000000008002114       0x2e ./Drivers/STM32F1xx_HAL_Driver/Src/stm32f1xx_hal_gpio.o
                0x0000000008002114                HAL_GPIO_ReadPin
 .text.HAL_GPIO_WritePin
                0x0000000008002142       0x30 ./Drivers/STM32F1xx_HAL_Driver/Src/stm32f1xx_hal_gpio.o
                0x0000000008002142                HAL_GPIO_WritePin
 *fill*         0x0000000008002172        0x2 
 .text.HAL_GPIO_EXTI_IRQHandler
                0x0000000008002174       0x30 ./Drivers/STM32F1xx_HAL_Driver/Src/stm32f1xx_hal_gpio.o
                0x0000000008002174                HAL_GPIO_EXTI_IRQHandler
 .text.HAL_GPIO_EXTI_Callback
                0x00000000080021a4       0x14 ./Drivers/STM32F1xx_HAL_Driver/Src/stm32f1xx_hal_gpio.o
                0x00000000080021a4                HAL_GPIO_EXTI_Callback
 .text.HAL_RCC_OscConfig
                0x00000000080021b8      0x500 ./Drivers/STM32F1xx_HAL_Driver/Src/stm32f1xx_hal_rcc.o
                0x00000000080021b8                HAL_RCC_OscConfig
 .text.HAL_RCC_ClockConfig
                0x00000000080026b8      0x1d4 ./Drivers/STM32F1xx_HAL_Driver/Src/stm32f1xx_hal_rcc.o
                0x00000000080026b8                HAL_RCC_ClockConfig
 .text.HAL_RCC_GetSysClockFreq
                0x000000000800288c       0xc0 ./Drivers/STM32F1xx_HAL_Driver/Src/stm32f1xx_hal_rcc.o
                0x000000000800288c                HAL_RCC_GetSysClockFreq
 .text.HAL_RCC_GetHCLKFreq
                0x000000000800294c       0x14 ./Drivers/STM32F1xx_HAL_Driver/Src/stm32f1xx_hal_rcc.o
                0x000000000800294c                HAL_RCC_GetHCLKFreq
 .text.HAL_RCC_GetPCLK1Freq
                0x0000000008002960       0x28 ./Drivers/STM32F1xx_HAL_Driver/Src/stm32f1xx_hal_rcc.o
                0x0000000008002960                HAL_RCC_GetPCLK1Freq
 .text.HAL_RCC_GetPCLK2Freq
                0x0000000008002988       0x28 ./Drivers/STM32F1xx_HAL_Driver/Src/stm32f1xx_hal_rcc.o
                0x0000000008002988                HAL_RCC_GetPCLK2Freq
 .text.RCC_Delay
                0x00000000080029b0       0x3c ./Drivers/STM32F1xx_HAL_Driver/Src/stm32f1xx_hal_rcc.o
 .text.HAL_TIM_Base_Init
                0x00000000080029ec       0x9e ./Drivers/STM32F1xx_HAL_Driver/Src/stm32f1xx_hal_tim.o
                0x00000000080029ec                HAL_TIM_Base_Init
 *fill*         0x0000000008002a8a        0x2 
 .text.HAL_TIM_Base_Start_IT
                0x0000000008002a8c       0xa4 ./Drivers/STM32F1xx_HAL_Driver/Src/stm32f1xx_hal_tim.o
                0x0000000008002a8c                HAL_TIM_Base_Start_IT
 .text.HAL_TIM_PWM_Init
                0x0000000008002b30       0x9e ./Drivers/STM32F1xx_HAL_Driver/Src/stm32f1xx_hal_tim.o
                0x0000000008002b30                HAL_TIM_PWM_Init
 .text.HAL_TIM_PWM_MspInit
                0x0000000008002bce       0x12 ./Drivers/STM32F1xx_HAL_Driver/Src/stm32f1xx_hal_tim.o
                0x0000000008002bce                HAL_TIM_PWM_MspInit
 .text.HAL_TIM_PWM_Start
                0x0000000008002be0      0x144 ./Drivers/STM32F1xx_HAL_Driver/Src/stm32f1xx_hal_tim.o
                0x0000000008002be0                HAL_TIM_PWM_Start
 .text.HAL_TIM_IRQHandler
                0x0000000008002d24      0x210 ./Drivers/STM32F1xx_HAL_Driver/Src/stm32f1xx_hal_tim.o
                0x0000000008002d24                HAL_TIM_IRQHandler
 .text.HAL_TIM_PWM_ConfigChannel
                0x0000000008002f34      0x17c ./Drivers/STM32F1xx_HAL_Driver/Src/stm32f1xx_hal_tim.o
                0x0000000008002f34                HAL_TIM_PWM_ConfigChannel
 .text.HAL_TIM_ConfigClockSource
                0x00000000080030b0      0x188 ./Drivers/STM32F1xx_HAL_Driver/Src/stm32f1xx_hal_tim.o
                0x00000000080030b0                HAL_TIM_ConfigClockSource
 .text.HAL_TIM_OC_DelayElapsedCallback
                0x0000000008003238       0x12 ./Drivers/STM32F1xx_HAL_Driver/Src/stm32f1xx_hal_tim.o
                0x0000000008003238                HAL_TIM_OC_DelayElapsedCallback
 .text.HAL_TIM_IC_CaptureCallback
                0x000000000800324a       0x12 ./Drivers/STM32F1xx_HAL_Driver/Src/stm32f1xx_hal_tim.o
                0x000000000800324a                HAL_TIM_IC_CaptureCallback
 .text.HAL_TIM_PWM_PulseFinishedCallback
                0x000000000800325c       0x12 ./Drivers/STM32F1xx_HAL_Driver/Src/stm32f1xx_hal_tim.o
                0x000000000800325c                HAL_TIM_PWM_PulseFinishedCallback
 .text.HAL_TIM_TriggerCallback
                0x000000000800326e       0x12 ./Drivers/STM32F1xx_HAL_Driver/Src/stm32f1xx_hal_tim.o
                0x000000000800326e                HAL_TIM_TriggerCallback
 .text.TIM_Base_SetConfig
                0x0000000008003280       0xc4 ./Drivers/STM32F1xx_HAL_Driver/Src/stm32f1xx_hal_tim.o
                0x0000000008003280                TIM_Base_SetConfig
 .text.TIM_OC1_SetConfig
                0x0000000008003344       0xcc ./Drivers/STM32F1xx_HAL_Driver/Src/stm32f1xx_hal_tim.o
 .text.TIM_OC2_SetConfig
                0x0000000008003410       0xd4 ./Drivers/STM32F1xx_HAL_Driver/Src/stm32f1xx_hal_tim.o
                0x0000000008003410                TIM_OC2_SetConfig
 .text.TIM_OC3_SetConfig
                0x00000000080034e4       0xd4 ./Drivers/STM32F1xx_HAL_Driver/Src/stm32f1xx_hal_tim.o
 .text.TIM_OC4_SetConfig
                0x00000000080035b8       0x9c ./Drivers/STM32F1xx_HAL_Driver/Src/stm32f1xx_hal_tim.o
 .text.TIM_TI1_ConfigInputStage
                0x0000000008003654       0x5c ./Drivers/STM32F1xx_HAL_Driver/Src/stm32f1xx_hal_tim.o
 .text.TIM_TI2_ConfigInputStage
                0x00000000080036b0       0x5e ./Drivers/STM32F1xx_HAL_Driver/Src/stm32f1xx_hal_tim.o
 .text.TIM_ITRx_SetConfig
                0x000000000800370e       0x34 ./Drivers/STM32F1xx_HAL_Driver/Src/stm32f1xx_hal_tim.o
 .text.TIM_ETR_SetConfig
                0x0000000008003742       0x3e ./Drivers/STM32F1xx_HAL_Driver/Src/stm32f1xx_hal_tim.o
                0x0000000008003742                TIM_ETR_SetConfig
 .text.TIM_CCxChannelCmd
                0x0000000008003780       0x48 ./Drivers/STM32F1xx_HAL_Driver/Src/stm32f1xx_hal_tim.o
                0x0000000008003780                TIM_CCxChannelCmd
 .text.HAL_TIMEx_MasterConfigSynchronization
                0x00000000080037c8       0xbc ./Drivers/STM32F1xx_HAL_Driver/Src/stm32f1xx_hal_tim_ex.o
                0x00000000080037c8                HAL_TIMEx_MasterConfigSynchronization
 .text.HAL_TIMEx_CommutCallback
                0x0000000008003884       0x12 ./Drivers/STM32F1xx_HAL_Driver/Src/stm32f1xx_hal_tim_ex.o
                0x0000000008003884                HAL_TIMEx_CommutCallback
 .text.HAL_TIMEx_BreakCallback
                0x0000000008003896       0x12 ./Drivers/STM32F1xx_HAL_Driver/Src/stm32f1xx_hal_tim_ex.o
                0x0000000008003896                HAL_TIMEx_BreakCallback
 .text.HAL_UART_Init
                0x00000000080038a8       0x9a ./Drivers/STM32F1xx_HAL_Driver/Src/stm32f1xx_hal_uart.o
                0x00000000080038a8                HAL_UART_Init
 .text.HAL_UART_Transmit
                0x0000000008003942      0x124 ./Drivers/STM32F1xx_HAL_Driver/Src/stm32f1xx_hal_uart.o
                0x0000000008003942                HAL_UART_Transmit
 .text.HAL_UART_Receive_IT
                0x0000000008003a66       0x60 ./Drivers/STM32F1xx_HAL_Driver/Src/stm32f1xx_hal_uart.o
                0x0000000008003a66                HAL_UART_Receive_IT
 .text.UART_WaitOnFlagUntilTimeout
                0x0000000008003ac6       0x94 ./Drivers/STM32F1xx_HAL_Driver/Src/stm32f1xx_hal_uart.o
 .text.UART_Start_Receive_IT
                0x0000000008003b5a       0x72 ./Drivers/STM32F1xx_HAL_Driver/Src/stm32f1xx_hal_uart.o
                0x0000000008003b5a                UART_Start_Receive_IT
 .text.UART_SetConfig
                0x0000000008003bcc      0x11c ./Drivers/STM32F1xx_HAL_Driver/Src/stm32f1xx_hal_uart.o
 .text.__errno  0x0000000008003ce8        0xc d:/programs/stm32/stm32cubeide_1.7.0/stm32cubeide/plugins/com.st.stm32cube.ide.mcu.externaltools.gnu-tools-for-stm32.9-2020-q2-update.win32_2.0.0.202105311346/tools/bin/../lib/gcc/arm-none-eabi/9.3.1/../../../../arm-none-eabi/lib/thumb/v7-m/nofp\libc_nano.a(lib_a-errno.o)
                0x0000000008003ce8                __errno
 .text.__libc_init_array
                0x0000000008003cf4       0x48 d:/programs/stm32/stm32cubeide_1.7.0/stm32cubeide/plugins/com.st.stm32cube.ide.mcu.externaltools.gnu-tools-for-stm32.9-2020-q2-update.win32_2.0.0.202105311346/tools/bin/../lib/gcc/arm-none-eabi/9.3.1/../../../../arm-none-eabi/lib/thumb/v7-m/nofp\libc_nano.a(lib_a-init.o)
                0x0000000008003cf4                __libc_init_array
 .text.malloc   0x0000000008003d3c       0x10 d:/programs/stm32/stm32cubeide_1.7.0/stm32cubeide/plugins/com.st.stm32cube.ide.mcu.externaltools.gnu-tools-for-stm32.9-2020-q2-update.win32_2.0.0.202105311346/tools/bin/../lib/gcc/arm-none-eabi/9.3.1/../../../../arm-none-eabi/lib/thumb/v7-m/nofp\libc_nano.a(lib_a-malloc.o)
                0x0000000008003d3c                malloc
 .text.free     0x0000000008003d4c       0x10 d:/programs/stm32/stm32cubeide_1.7.0/stm32cubeide/plugins/com.st.stm32cube.ide.mcu.externaltools.gnu-tools-for-stm32.9-2020-q2-update.win32_2.0.0.202105311346/tools/bin/../lib/gcc/arm-none-eabi/9.3.1/../../../../arm-none-eabi/lib/thumb/v7-m/nofp\libc_nano.a(lib_a-malloc.o)
                0x0000000008003d4c                free
 .text.memset   0x0000000008003d5c       0x10 d:/programs/stm32/stm32cubeide_1.7.0/stm32cubeide/plugins/com.st.stm32cube.ide.mcu.externaltools.gnu-tools-for-stm32.9-2020-q2-update.win32_2.0.0.202105311346/tools/bin/../lib/gcc/arm-none-eabi/9.3.1/../../../../arm-none-eabi/lib/thumb/v7-m/nofp\libc_nano.a(lib_a-memset.o)
                0x0000000008003d5c                memset
 .text._free_r  0x0000000008003d6c       0x98 d:/programs/stm32/stm32cubeide_1.7.0/stm32cubeide/plugins/com.st.stm32cube.ide.mcu.externaltools.gnu-tools-for-stm32.9-2020-q2-update.win32_2.0.0.202105311346/tools/bin/../lib/gcc/arm-none-eabi/9.3.1/../../../../arm-none-eabi/lib/thumb/v7-m/nofp\libc_nano.a(lib_a-nano-freer.o)
                0x0000000008003d6c                _free_r
 .text._malloc_r
                0x0000000008003e04       0xb4 d:/programs/stm32/stm32cubeide_1.7.0/stm32cubeide/plugins/com.st.stm32cube.ide.mcu.externaltools.gnu-tools-for-stm32.9-2020-q2-update.win32_2.0.0.202105311346/tools/bin/../lib/gcc/arm-none-eabi/9.3.1/../../../../arm-none-eabi/lib/thumb/v7-m/nofp\libc_nano.a(lib_a-nano-mallocr.o)
                0x0000000008003e04                _malloc_r
 .text._sbrk_r  0x0000000008003eb8       0x20 d:/programs/stm32/stm32cubeide_1.7.0/stm32cubeide/plugins/com.st.stm32cube.ide.mcu.externaltools.gnu-tools-for-stm32.9-2020-q2-update.win32_2.0.0.202105311346/tools/bin/../lib/gcc/arm-none-eabi/9.3.1/../../../../arm-none-eabi/lib/thumb/v7-m/nofp\libc_nano.a(lib_a-sbrkr.o)
                0x0000000008003eb8                _sbrk_r
 .text.sprintf  0x0000000008003ed8       0x40 d:/programs/stm32/stm32cubeide_1.7.0/stm32cubeide/plugins/com.st.stm32cube.ide.mcu.externaltools.gnu-tools-for-stm32.9-2020-q2-update.win32_2.0.0.202105311346/tools/bin/../lib/gcc/arm-none-eabi/9.3.1/../../../../arm-none-eabi/lib/thumb/v7-m/nofp\libc_nano.a(lib_a-sprintf.o)
                0x0000000008003ed8                siprintf
                0x0000000008003ed8                sprintf
 .text.__malloc_lock
                0x0000000008003f18        0xc d:/programs/stm32/stm32cubeide_1.7.0/stm32cubeide/plugins/com.st.stm32cube.ide.mcu.externaltools.gnu-tools-for-stm32.9-2020-q2-update.win32_2.0.0.202105311346/tools/bin/../lib/gcc/arm-none-eabi/9.3.1/../../../../arm-none-eabi/lib/thumb/v7-m/nofp\libc_nano.a(lib_a-mlock.o)
                0x0000000008003f18                __malloc_lock
 .text.__malloc_unlock
                0x0000000008003f24        0xc d:/programs/stm32/stm32cubeide_1.7.0/stm32cubeide/plugins/com.st.stm32cube.ide.mcu.externaltools.gnu-tools-for-stm32.9-2020-q2-update.win32_2.0.0.202105311346/tools/bin/../lib/gcc/arm-none-eabi/9.3.1/../../../../arm-none-eabi/lib/thumb/v7-m/nofp\libc_nano.a(lib_a-mlock.o)
                0x0000000008003f24                __malloc_unlock
 .text.__ssputs_r
                0x0000000008003f30       0xb6 d:/programs/stm32/stm32cubeide_1.7.0/stm32cubeide/plugins/com.st.stm32cube.ide.mcu.externaltools.gnu-tools-for-stm32.9-2020-q2-update.win32_2.0.0.202105311346/tools/bin/../lib/gcc/arm-none-eabi/9.3.1/../../../../arm-none-eabi/lib/thumb/v7-m/nofp\libc_nano.a(lib_a-nano-svfprintf.o)
                0x0000000008003f30                __ssputs_r
 *fill*         0x0000000008003fe6        0x2 
 .text._svfprintf_r
                0x0000000008003fe8      0x200 d:/programs/stm32/stm32cubeide_1.7.0/stm32cubeide/plugins/com.st.stm32cube.ide.mcu.externaltools.gnu-tools-for-stm32.9-2020-q2-update.win32_2.0.0.202105311346/tools/bin/../lib/gcc/arm-none-eabi/9.3.1/../../../../arm-none-eabi/lib/thumb/v7-m/nofp\libc_nano.a(lib_a-nano-svfprintf.o)
                0x0000000008003fe8                _svfiprintf_r
                0x0000000008003fe8                _svfprintf_r
 .text._printf_common
                0x00000000080041e8       0xde d:/programs/stm32/stm32cubeide_1.7.0/stm32cubeide/plugins/com.st.stm32cube.ide.mcu.externaltools.gnu-tools-for-stm32.9-2020-q2-update.win32_2.0.0.202105311346/tools/bin/../lib/gcc/arm-none-eabi/9.3.1/../../../../arm-none-eabi/lib/thumb/v7-m/nofp\libc_nano.a(lib_a-nano-vfprintf_i.o)
                0x00000000080041e8                _printf_common
 *fill*         0x00000000080042c6        0x2 
 .text._printf_i
                0x00000000080042c8      0x24c d:/programs/stm32/stm32cubeide_1.7.0/stm32cubeide/plugins/com.st.stm32cube.ide.mcu.externaltools.gnu-tools-for-stm32.9-2020-q2-update.win32_2.0.0.202105311346/tools/bin/../lib/gcc/arm-none-eabi/9.3.1/../../../../arm-none-eabi/lib/thumb/v7-m/nofp\libc_nano.a(lib_a-nano-vfprintf_i.o)
                0x00000000080042c8                _printf_i
 .text.__retarget_lock_acquire_recursive
                0x0000000008004514        0x2 d:/programs/stm32/stm32cubeide_1.7.0/stm32cubeide/plugins/com.st.stm32cube.ide.mcu.externaltools.gnu-tools-for-stm32.9-2020-q2-update.win32_2.0.0.202105311346/tools/bin/../lib/gcc/arm-none-eabi/9.3.1/../../../../arm-none-eabi/lib/thumb/v7-m/nofp\libc_nano.a(lib_a-lock.o)
                0x0000000008004514                __retarget_lock_acquire_recursive
 .text.__retarget_lock_release_recursive
                0x0000000008004516        0x2 d:/programs/stm32/stm32cubeide_1.7.0/stm32cubeide/plugins/com.st.stm32cube.ide.mcu.externaltools.gnu-tools-for-stm32.9-2020-q2-update.win32_2.0.0.202105311346/tools/bin/../lib/gcc/arm-none-eabi/9.3.1/../../../../arm-none-eabi/lib/thumb/v7-m/nofp\libc_nano.a(lib_a-lock.o)
                0x0000000008004516                __retarget_lock_release_recursive
 .text.memchr   0x0000000008004518       0x1c d:/programs/stm32/stm32cubeide_1.7.0/stm32cubeide/plugins/com.st.stm32cube.ide.mcu.externaltools.gnu-tools-for-stm32.9-2020-q2-update.win32_2.0.0.202105311346/tools/bin/../lib/gcc/arm-none-eabi/9.3.1/../../../../arm-none-eabi/lib/thumb/v7-m/nofp\libc_nano.a(lib_a-memchr-stub.o)
                0x0000000008004518                memchr
 .text.memcpy   0x0000000008004534       0x1c d:/programs/stm32/stm32cubeide_1.7.0/stm32cubeide/plugins/com.st.stm32cube.ide.mcu.externaltools.gnu-tools-for-stm32.9-2020-q2-update.win32_2.0.0.202105311346/tools/bin/../lib/gcc/arm-none-eabi/9.3.1/../../../../arm-none-eabi/lib/thumb/v7-m/nofp\libc_nano.a(lib_a-memcpy-stub.o)
                0x0000000008004534                memcpy
 .text.memmove  0x0000000008004550       0x34 d:/programs/stm32/stm32cubeide_1.7.0/stm32cubeide/plugins/com.st.stm32cube.ide.mcu.externaltools.gnu-tools-for-stm32.9-2020-q2-update.win32_2.0.0.202105311346/tools/bin/../lib/gcc/arm-none-eabi/9.3.1/../../../../arm-none-eabi/lib/thumb/v7-m/nofp\libc_nano.a(lib_a-memmove.o)
                0x0000000008004550                memmove
 .text._realloc_r
                0x0000000008004584       0x4c d:/programs/stm32/stm32cubeide_1.7.0/stm32cubeide/plugins/com.st.stm32cube.ide.mcu.externaltools.gnu-tools-for-stm32.9-2020-q2-update.win32_2.0.0.202105311346/tools/bin/../lib/gcc/arm-none-eabi/9.3.1/../../../../arm-none-eabi/lib/thumb/v7-m/nofp\libc_nano.a(lib_a-nano-reallocr.o)
                0x0000000008004584                _realloc_r
 .text._malloc_usable_size_r
                0x00000000080045d0       0x10 d:/programs/stm32/stm32cubeide_1.7.0/stm32cubeide/plugins/com.st.stm32cube.ide.mcu.externaltools.gnu-tools-for-stm32.9-2020-q2-update.win32_2.0.0.202105311346/tools/bin/../lib/gcc/arm-none-eabi/9.3.1/../../../../arm-none-eabi/lib/thumb/v7-m/nofp\libc_nano.a(lib_a-nano-msizer.o)
                0x00000000080045d0                _malloc_usable_size_r
 *(.glue_7)
 .glue_7        0x00000000080045e0        0x0 linker stubs
 *(.glue_7t)
 .glue_7t       0x00000000080045e0        0x0 linker stubs
 *(.eh_frame)
 .eh_frame      0x00000000080045e0        0x0 d:/programs/stm32/stm32cubeide_1.7.0/stm32cubeide/plugins/com.st.stm32cube.ide.mcu.externaltools.gnu-tools-for-stm32.9-2020-q2-update.win32_2.0.0.202105311346/tools/bin/../lib/gcc/arm-none-eabi/9.3.1/thumb/v7-m/nofp/crtbegin.o
 *(.init)
 .init          0x00000000080045e0        0x4 d:/programs/stm32/stm32cubeide_1.7.0/stm32cubeide/plugins/com.st.stm32cube.ide.mcu.externaltools.gnu-tools-for-stm32.9-2020-q2-update.win32_2.0.0.202105311346/tools/bin/../lib/gcc/arm-none-eabi/9.3.1/thumb/v7-m/nofp/crti.o
                0x00000000080045e0                _init
 .init          0x00000000080045e4        0x8 d:/programs/stm32/stm32cubeide_1.7.0/stm32cubeide/plugins/com.st.stm32cube.ide.mcu.externaltools.gnu-tools-for-stm32.9-2020-q2-update.win32_2.0.0.202105311346/tools/bin/../lib/gcc/arm-none-eabi/9.3.1/thumb/v7-m/nofp/crtn.o
 *(.fini)
 .fini          0x00000000080045ec        0x4 d:/programs/stm32/stm32cubeide_1.7.0/stm32cubeide/plugins/com.st.stm32cube.ide.mcu.externaltools.gnu-tools-for-stm32.9-2020-q2-update.win32_2.0.0.202105311346/tools/bin/../lib/gcc/arm-none-eabi/9.3.1/thumb/v7-m/nofp/crti.o
                0x00000000080045ec                _fini
 .fini          0x00000000080045f0        0x8 d:/programs/stm32/stm32cubeide_1.7.0/stm32cubeide/plugins/com.st.stm32cube.ide.mcu.externaltools.gnu-tools-for-stm32.9-2020-q2-update.win32_2.0.0.202105311346/tools/bin/../lib/gcc/arm-none-eabi/9.3.1/thumb/v7-m/nofp/crtn.o
                0x00000000080045f8                . = ALIGN (0x4)
                0x00000000080045f8                _etext = .

.vfp11_veneer   0x00000000080045f8        0x0
 .vfp11_veneer  0x00000000080045f8        0x0 linker stubs

.v4_bx          0x00000000080045f8        0x0
 .v4_bx         0x00000000080045f8        0x0 linker stubs

.iplt           0x00000000080045f8        0x0
 .iplt          0x00000000080045f8        0x0 d:/programs/stm32/stm32cubeide_1.7.0/stm32cubeide/plugins/com.st.stm32cube.ide.mcu.externaltools.gnu-tools-for-stm32.9-2020-q2-update.win32_2.0.0.202105311346/tools/bin/../lib/gcc/arm-none-eabi/9.3.1/thumb/v7-m/nofp/crtbegin.o

.rodata         0x00000000080045f8       0x9c
                0x00000000080045f8                . = ALIGN (0x4)
 *(.rodata)
 .rodata        0x00000000080045f8       0x16 ./Core/Src/fsmPedestrian.o
 *fill*         0x000000000800460e        0x2 
 .rodata        0x0000000008004610       0x13 ./Core/Src/fsmTraffic.o
 *fill*         0x0000000008004623        0x1 
 .rodata        0x0000000008004624       0x14 ./Core/Src/uart.o
 .rodata        0x0000000008004638       0x10 ./Drivers/STM32F1xx_HAL_Driver/Src/stm32f1xx_hal_rcc.o
 *(.rodata*)
 .rodata.AHBPrescTable
                0x0000000008004648       0x10 ./Core/Src/system_stm32f1xx.o
                0x0000000008004648                AHBPrescTable
 .rodata.APBPrescTable
                0x0000000008004658        0x8 ./Core/Src/system_stm32f1xx.o
                0x0000000008004658                APBPrescTable
 .rodata._svfprintf_r.str1.1
                0x0000000008004660       0x11 d:/programs/stm32/stm32cubeide_1.7.0/stm32cubeide/plugins/com.st.stm32cube.ide.mcu.externaltools.gnu-tools-for-stm32.9-2020-q2-update.win32_2.0.0.202105311346/tools/bin/../lib/gcc/arm-none-eabi/9.3.1/../../../../arm-none-eabi/lib/thumb/v7-m/nofp\libc_nano.a(lib_a-nano-svfprintf.o)
 .rodata._printf_i.str1.1
                0x0000000008004671       0x22 d:/programs/stm32/stm32cubeide_1.7.0/stm32cubeide/plugins/com.st.stm32cube.ide.mcu.externaltools.gnu-tools-for-stm32.9-2020-q2-update.win32_2.0.0.202105311346/tools/bin/../lib/gcc/arm-none-eabi/9.3.1/../../../../arm-none-eabi/lib/thumb/v7-m/nofp\libc_nano.a(lib_a-nano-vfprintf_i.o)
                0x0000000008004694                . = ALIGN (0x4)
 *fill*         0x0000000008004693        0x1 

.rel.dyn        0x0000000008004694        0x0
 .rel.iplt      0x0000000008004694        0x0 d:/programs/stm32/stm32cubeide_1.7.0/stm32cubeide/plugins/com.st.stm32cube.ide.mcu.externaltools.gnu-tools-for-stm32.9-2020-q2-update.win32_2.0.0.202105311346/tools/bin/../lib/gcc/arm-none-eabi/9.3.1/thumb/v7-m/nofp/crtbegin.o

.ARM.extab      0x0000000008004694        0x0
                0x0000000008004694                . = ALIGN (0x4)
 *(.ARM.extab* .gnu.linkonce.armextab.*)
                0x0000000008004694                . = ALIGN (0x4)

.ARM            0x0000000008004694        0x0
                0x0000000008004694                . = ALIGN (0x4)
                0x0000000008004694                __exidx_start = .
 *(.ARM.exidx*)
                0x0000000008004694                __exidx_end = .
                0x0000000008004694                . = ALIGN (0x4)

.preinit_array  0x0000000008004694        0x0
                0x0000000008004694                . = ALIGN (0x4)
                0x0000000008004694                PROVIDE (__preinit_array_start = .)
 *(.preinit_array*)
                0x0000000008004694                PROVIDE (__preinit_array_end = .)
                0x0000000008004694                . = ALIGN (0x4)

.init_array     0x0000000008004694        0x4
                0x0000000008004694                . = ALIGN (0x4)
                0x0000000008004694                PROVIDE (__init_array_start = .)
 *(SORT_BY_NAME(.init_array.*))
 *(.init_array*)
 .init_array    0x0000000008004694        0x4 d:/programs/stm32/stm32cubeide_1.7.0/stm32cubeide/plugins/com.st.stm32cube.ide.mcu.externaltools.gnu-tools-for-stm32.9-2020-q2-update.win32_2.0.0.202105311346/tools/bin/../lib/gcc/arm-none-eabi/9.3.1/thumb/v7-m/nofp/crtbegin.o
                0x0000000008004698                PROVIDE (__init_array_end = .)
                0x0000000008004698                . = ALIGN (0x4)

.fini_array     0x0000000008004698        0x4
                0x0000000008004698                . = ALIGN (0x4)
                [!provide]                        PROVIDE (__fini_array_start = .)
 *(SORT_BY_NAME(.fini_array.*))
 *(.fini_array*)
 .fini_array    0x0000000008004698        0x4 d:/programs/stm32/stm32cubeide_1.7.0/stm32cubeide/plugins/com.st.stm32cube.ide.mcu.externaltools.gnu-tools-for-stm32.9-2020-q2-update.win32_2.0.0.202105311346/tools/bin/../lib/gcc/arm-none-eabi/9.3.1/thumb/v7-m/nofp/crtbegin.o
                [!provide]                        PROVIDE (__fini_array_end = .)
                0x000000000800469c                . = ALIGN (0x4)
                0x000000000800469c                _sidata = LOADADDR (.data)

.data           0x0000000020000000       0xcc load address 0x000000000800469c
                0x0000000020000000                . = ALIGN (0x4)
                0x0000000020000000                _sdata = .
 *(.data)
 *(.data*)
 .data.keyReg0  0x0000000020000000       0x10 ./Core/Src/button.o
                0x0000000020000000                keyReg0
 .data.keyReg1  0x0000000020000010       0x10 ./Core/Src/button.o
                0x0000000020000010                keyReg1
 .data.keyReg2  0x0000000020000020       0x10 ./Core/Src/button.o
                0x0000000020000020                keyReg2
 .data.keyReg3  0x0000000020000030       0x10 ./Core/Src/button.o
                0x0000000020000030                keyReg3
 .data.timeOutForKeyPress
                0x0000000020000040       0x10 ./Core/Src/button.o
                0x0000000020000040                timeOutForKeyPress
 .data.trafficDuration
                0x0000000020000050        0xc ./Core/Src/global.o
                0x0000000020000050                trafficDuration
 .data.SystemCoreClock
                0x000000002000005c        0x4 ./Core/Src/system_stm32f1xx.o
                0x000000002000005c                SystemCoreClock
 .data.uwTickPrio
                0x0000000020000060        0x4 ./Drivers/STM32F1xx_HAL_Driver/Src/stm32f1xx_hal.o
                0x0000000020000060                uwTickPrio
 .data.uwTickFreq
                0x0000000020000064        0x1 ./Drivers/STM32F1xx_HAL_Driver/Src/stm32f1xx_hal.o
                0x0000000020000064                uwTickFreq
 *fill*         0x0000000020000065        0x3 
 .data._impure_ptr
                0x0000000020000068        0x4 d:/programs/stm32/stm32cubeide_1.7.0/stm32cubeide/plugins/com.st.stm32cube.ide.mcu.externaltools.gnu-tools-for-stm32.9-2020-q2-update.win32_2.0.0.202105311346/tools/bin/../lib/gcc/arm-none-eabi/9.3.1/../../../../arm-none-eabi/lib/thumb/v7-m/nofp\libc_nano.a(lib_a-impure.o)
                0x0000000020000068                _impure_ptr
 .data.impure_data
                0x000000002000006c       0x60 d:/programs/stm32/stm32cubeide_1.7.0/stm32cubeide/plugins/com.st.stm32cube.ide.mcu.externaltools.gnu-tools-for-stm32.9-2020-q2-update.win32_2.0.0.202105311346/tools/bin/../lib/gcc/arm-none-eabi/9.3.1/../../../../arm-none-eabi/lib/thumb/v7-m/nofp\libc_nano.a(lib_a-impure.o)
 *(.RamFunc)
 *(.RamFunc*)
                0x00000000200000cc                . = ALIGN (0x4)
                0x00000000200000cc                _edata = .

.igot.plt       0x00000000200000cc        0x0 load address 0x0000000008004768
 .igot.plt      0x00000000200000cc        0x0 d:/programs/stm32/stm32cubeide_1.7.0/stm32cubeide/plugins/com.st.stm32cube.ide.mcu.externaltools.gnu-tools-for-stm32.9-2020-q2-update.win32_2.0.0.202105311346/tools/bin/../lib/gcc/arm-none-eabi/9.3.1/thumb/v7-m/nofp/crtbegin.o
                0x00000000200000cc                . = ALIGN (0x4)

.bss            0x00000000200000cc      0x1a4 load address 0x0000000008004768
                0x00000000200000cc                _sbss = .
                0x00000000200000cc                __bss_start__ = _sbss
 *(.bss)
 .bss           0x00000000200000cc       0x1c d:/programs/stm32/stm32cubeide_1.7.0/stm32cubeide/plugins/com.st.stm32cube.ide.mcu.externaltools.gnu-tools-for-stm32.9-2020-q2-update.win32_2.0.0.202105311346/tools/bin/../lib/gcc/arm-none-eabi/9.3.1/thumb/v7-m/nofp/crtbegin.o
 *(.bss*)
 .bss.over1Sec  0x00000000200000e8       0x10 ./Core/Src/button.o
                0x00000000200000e8                over1Sec
 .bss.flagBtn   0x00000000200000f8       0x10 ./Core/Src/button.o
                0x00000000200000f8                flagBtn
 .bss.flagBtnLong
                0x0000000020000108       0x10 ./Core/Src/button.o
                0x0000000020000108                flagBtnLong
 .bss.pdState   0x0000000020000118        0x1 ./Core/Src/fsmPedestrian.o
                0x0000000020000118                pdState
 *fill*         0x0000000020000119        0x3 
 .bss.pdDuration
                0x000000002000011c        0x4 ./Core/Src/fsmPedestrian.o
                0x000000002000011c                pdDuration
 .bss.pdPrevDur
                0x0000000020000120        0x4 ./Core/Src/fsmPedestrian.o
                0x0000000020000120                pdPrevDur
 .bss.pdCurrDur
                0x0000000020000124        0x4 ./Core/Src/fsmPedestrian.o
                0x0000000020000124                pdCurrDur
 .bss.trafficPrevDur
                0x0000000020000128        0x4 ./Core/Src/fsmTraffic.o
                0x0000000020000128                trafficPrevDur
 .bss.trafficCurDur
                0x000000002000012c        0x4 ./Core/Src/fsmTraffic.o
                0x000000002000012c                trafficCurDur
 .bss.globalState
                0x0000000020000130        0x1 ./Core/Src/global.o
                0x0000000020000130                globalState
 .bss.autoAState
                0x0000000020000131        0x1 ./Core/Src/global.o
                0x0000000020000131                autoAState
 .bss.autoBState
                0x0000000020000132        0x1 ./Core/Src/global.o
                0x0000000020000132                autoBState
 .bss.manualState
                0x0000000020000133        0x1 ./Core/Src/global.o
                0x0000000020000133                manualState
 .bss.setState  0x0000000020000134        0x1 ./Core/Src/global.o
                0x0000000020000134                setState
 .bss.pdActiveState
                0x0000000020000135        0x1 ./Core/Src/global.o
                0x0000000020000135                pdActiveState
 .bss.pdLedState
                0x0000000020000136        0x1 ./Core/Src/global.o
                0x0000000020000136                pdLedState
 .bss.buzzerState
                0x0000000020000137        0x1 ./Core/Src/global.o
                0x0000000020000137                buzzerState
 .bss.__sbrk_heap_end
                0x0000000020000138        0x4 ./Core/Src/sysmem.o
 .bss.timerFlag
                0x000000002000013c        0x6 ./Core/Src/timer.o
                0x000000002000013c                timerFlag
 *fill*         0x0000000020000142        0x2 
 .bss.__malloc_free_list
                0x0000000020000144        0x4 d:/programs/stm32/stm32cubeide_1.7.0/stm32cubeide/plugins/com.st.stm32cube.ide.mcu.externaltools.gnu-tools-for-stm32.9-2020-q2-update.win32_2.0.0.202105311346/tools/bin/../lib/gcc/arm-none-eabi/9.3.1/../../../../arm-none-eabi/lib/thumb/v7-m/nofp\libc_nano.a(lib_a-nano-mallocr.o)
                0x0000000020000144                __malloc_free_list
 .bss.__malloc_sbrk_start
                0x0000000020000148        0x4 d:/programs/stm32/stm32cubeide_1.7.0/stm32cubeide/plugins/com.st.stm32cube.ide.mcu.externaltools.gnu-tools-for-stm32.9-2020-q2-update.win32_2.0.0.202105311346/tools/bin/../lib/gcc/arm-none-eabi/9.3.1/../../../../arm-none-eabi/lib/thumb/v7-m/nofp\libc_nano.a(lib_a-nano-mallocr.o)
                0x0000000020000148                __malloc_sbrk_start
 *(COMMON)
 COMMON         0x000000002000014c       0x7c ./Core/Src/buzzer.o
                0x000000002000014c                rxData
                0x0000000020000150                txData
                0x0000000020000178                htim3
                0x00000000200001c0                durationList
 COMMON         0x00000000200001c8       0x48 ./Core/Src/main.o
                0x00000000200001c8                htim2
 COMMON         0x0000000020000210        0x8 ./Core/Src/timer.o
                0x0000000020000210                listTimer
 COMMON         0x0000000020000218       0x44 ./Core/Src/uart.o
                0x0000000020000218                huart2
 COMMON         0x000000002000025c        0x4 ./Drivers/STM32F1xx_HAL_Driver/Src/stm32f1xx_hal.o
                0x000000002000025c                uwTick
 COMMON         0x0000000020000260        0x4 d:/programs/stm32/stm32cubeide_1.7.0/stm32cubeide/plugins/com.st.stm32cube.ide.mcu.externaltools.gnu-tools-for-stm32.9-2020-q2-update.win32_2.0.0.202105311346/tools/bin/../lib/gcc/arm-none-eabi/9.3.1/../../../../arm-none-eabi/lib/thumb/v7-m/nofp\libc_nano.a(lib_a-reent.o)
                0x0000000020000260                errno
 COMMON         0x0000000020000264        0x9 d:/programs/stm32/stm32cubeide_1.7.0/stm32cubeide/plugins/com.st.stm32cube.ide.mcu.externaltools.gnu-tools-for-stm32.9-2020-q2-update.win32_2.0.0.202105311346/tools/bin/../lib/gcc/arm-none-eabi/9.3.1/../../../../arm-none-eabi/lib/thumb/v7-m/nofp\libc_nano.a(lib_a-lock.o)
                0x0000000020000264                __lock___atexit_recursive_mutex
                0x0000000020000265                __lock___arc4random_mutex
                0x0000000020000266                __lock___env_recursive_mutex
                0x0000000020000267                __lock___sinit_recursive_mutex
                0x0000000020000268                __lock___malloc_recursive_mutex
                0x0000000020000269                __lock___at_quick_exit_mutex
                0x000000002000026a                __lock___dd_hash_mutex
                0x000000002000026b                __lock___tz_mutex
                0x000000002000026c                __lock___sfp_recursive_mutex
                0x0000000020000270                . = ALIGN (0x4)
 *fill*         0x000000002000026d        0x3 
                0x0000000020000270                _ebss = .
                0x0000000020000270                __bss_end__ = _ebss

._user_heap_stack
                0x0000000020000270      0x600 load address 0x0000000008004768
                0x0000000020000270                . = ALIGN (0x8)
                [!provide]                        PROVIDE (end = .)
                0x0000000020000270                PROVIDE (_end = .)
                0x0000000020000470                . = (. + _Min_Heap_Size)
 *fill*         0x0000000020000270      0x200 
                0x0000000020000870                . = (. + _Min_Stack_Size)
 *fill*         0x0000000020000470      0x400 
                0x0000000020000870                . = ALIGN (0x8)

/DISCARD/
 libc.a(*)
 libm.a(*)
 libgcc.a(*)

.ARM.attributes
                0x0000000000000000       0x29
 *(.ARM.attributes)
 .ARM.attributes
                0x0000000000000000       0x1d d:/programs/stm32/stm32cubeide_1.7.0/stm32cubeide/plugins/com.st.stm32cube.ide.mcu.externaltools.gnu-tools-for-stm32.9-2020-q2-update.win32_2.0.0.202105311346/tools/bin/../lib/gcc/arm-none-eabi/9.3.1/thumb/v7-m/nofp/crti.o
 .ARM.attributes
                0x000000000000001d       0x2d d:/programs/stm32/stm32cubeide_1.7.0/stm32cubeide/plugins/com.st.stm32cube.ide.mcu.externaltools.gnu-tools-for-stm32.9-2020-q2-update.win32_2.0.0.202105311346/tools/bin/../lib/gcc/arm-none-eabi/9.3.1/thumb/v7-m/nofp/crtbegin.o
 .ARM.attributes
                0x000000000000004a       0x2d ./Core/Src/button.o
 .ARM.attributes
                0x0000000000000077       0x2d ./Core/Src/buzzer.o
 .ARM.attributes
                0x00000000000000a4       0x2d ./Core/Src/duration.o
 .ARM.attributes
                0x00000000000000d1       0x2d ./Core/Src/fsmPedestrian.o
 .ARM.attributes
                0x00000000000000fe       0x2d ./Core/Src/fsmTraffic.o
 .ARM.attributes
                0x000000000000012b       0x2d ./Core/Src/global.o
 .ARM.attributes
                0x0000000000000158       0x2d ./Core/Src/led.o
 .ARM.attributes
                0x0000000000000185       0x2d ./Core/Src/main.o
 .ARM.attributes
                0x00000000000001b2       0x2d ./Core/Src/stm32f1xx_hal_msp.o
 .ARM.attributes
                0x00000000000001df       0x2d ./Core/Src/stm32f1xx_it.o
 .ARM.attributes
                0x000000000000020c       0x2d ./Core/Src/sysmem.o
 .ARM.attributes
                0x0000000000000239       0x2d ./Core/Src/system_stm32f1xx.o
 .ARM.attributes
                0x0000000000000266       0x2d ./Core/Src/timer.o
 .ARM.attributes
                0x0000000000000293       0x2d ./Core/Src/uart.o
 .ARM.attributes
                0x00000000000002c0       0x21 ./Core/Startup/startup_stm32f103rbtx.o
 .ARM.attributes
                0x00000000000002e1       0x2d ./Drivers/STM32F1xx_HAL_Driver/Src/stm32f1xx_hal.o
 .ARM.attributes
                0x000000000000030e       0x2d ./Drivers/STM32F1xx_HAL_Driver/Src/stm32f1xx_hal_cortex.o
 .ARM.attributes
                0x000000000000033b       0x2d ./Drivers/STM32F1xx_HAL_Driver/Src/stm32f1xx_hal_gpio.o
 .ARM.attributes
                0x0000000000000368       0x2d ./Drivers/STM32F1xx_HAL_Driver/Src/stm32f1xx_hal_rcc.o
 .ARM.attributes
                0x0000000000000395       0x2d ./Drivers/STM32F1xx_HAL_Driver/Src/stm32f1xx_hal_tim.o
 .ARM.attributes
                0x00000000000003c2       0x2d ./Drivers/STM32F1xx_HAL_Driver/Src/stm32f1xx_hal_tim_ex.o
 .ARM.attributes
                0x00000000000003ef       0x2d ./Drivers/STM32F1xx_HAL_Driver/Src/stm32f1xx_hal_uart.o
 .ARM.attributes
                0x000000000000041c       0x2d d:/programs/stm32/stm32cubeide_1.7.0/stm32cubeide/plugins/com.st.stm32cube.ide.mcu.externaltools.gnu-tools-for-stm32.9-2020-q2-update.win32_2.0.0.202105311346/tools/bin/../lib/gcc/arm-none-eabi/9.3.1/../../../../arm-none-eabi/lib/thumb/v7-m/nofp\libc_nano.a(lib_a-errno.o)
 .ARM.attributes
                0x0000000000000449       0x2d d:/programs/stm32/stm32cubeide_1.7.0/stm32cubeide/plugins/com.st.stm32cube.ide.mcu.externaltools.gnu-tools-for-stm32.9-2020-q2-update.win32_2.0.0.202105311346/tools/bin/../lib/gcc/arm-none-eabi/9.3.1/../../../../arm-none-eabi/lib/thumb/v7-m/nofp\libc_nano.a(lib_a-impure.o)
 .ARM.attributes
                0x0000000000000476       0x2d d:/programs/stm32/stm32cubeide_1.7.0/stm32cubeide/plugins/com.st.stm32cube.ide.mcu.externaltools.gnu-tools-for-stm32.9-2020-q2-update.win32_2.0.0.202105311346/tools/bin/../lib/gcc/arm-none-eabi/9.3.1/../../../../arm-none-eabi/lib/thumb/v7-m/nofp\libc_nano.a(lib_a-init.o)
 .ARM.attributes
                0x00000000000004a3       0x2d d:/programs/stm32/stm32cubeide_1.7.0/stm32cubeide/plugins/com.st.stm32cube.ide.mcu.externaltools.gnu-tools-for-stm32.9-2020-q2-update.win32_2.0.0.202105311346/tools/bin/../lib/gcc/arm-none-eabi/9.3.1/../../../../arm-none-eabi/lib/thumb/v7-m/nofp\libc_nano.a(lib_a-malloc.o)
 .ARM.attributes
                0x00000000000004d0       0x2d d:/programs/stm32/stm32cubeide_1.7.0/stm32cubeide/plugins/com.st.stm32cube.ide.mcu.externaltools.gnu-tools-for-stm32.9-2020-q2-update.win32_2.0.0.202105311346/tools/bin/../lib/gcc/arm-none-eabi/9.3.1/../../../../arm-none-eabi/lib/thumb/v7-m/nofp\libc_nano.a(lib_a-memset.o)
 .ARM.attributes
                0x00000000000004fd       0x2d d:/programs/stm32/stm32cubeide_1.7.0/stm32cubeide/plugins/com.st.stm32cube.ide.mcu.externaltools.gnu-tools-for-stm32.9-2020-q2-update.win32_2.0.0.202105311346/tools/bin/../lib/gcc/arm-none-eabi/9.3.1/../../../../arm-none-eabi/lib/thumb/v7-m/nofp\libc_nano.a(lib_a-nano-freer.o)
 .ARM.attributes
                0x000000000000052a       0x2d d:/programs/stm32/stm32cubeide_1.7.0/stm32cubeide/plugins/com.st.stm32cube.ide.mcu.externaltools.gnu-tools-for-stm32.9-2020-q2-update.win32_2.0.0.202105311346/tools/bin/../lib/gcc/arm-none-eabi/9.3.1/../../../../arm-none-eabi/lib/thumb/v7-m/nofp\libc_nano.a(lib_a-nano-mallocr.o)
 .ARM.attributes
                0x0000000000000557       0x2d d:/programs/stm32/stm32cubeide_1.7.0/stm32cubeide/plugins/com.st.stm32cube.ide.mcu.externaltools.gnu-tools-for-stm32.9-2020-q2-update.win32_2.0.0.202105311346/tools/bin/../lib/gcc/arm-none-eabi/9.3.1/../../../../arm-none-eabi/lib/thumb/v7-m/nofp\libc_nano.a(lib_a-sbrkr.o)
 .ARM.attributes
                0x0000000000000584       0x2d d:/programs/stm32/stm32cubeide_1.7.0/stm32cubeide/plugins/com.st.stm32cube.ide.mcu.externaltools.gnu-tools-for-stm32.9-2020-q2-update.win32_2.0.0.202105311346/tools/bin/../lib/gcc/arm-none-eabi/9.3.1/../../../../arm-none-eabi/lib/thumb/v7-m/nofp\libc_nano.a(lib_a-sprintf.o)
 .ARM.attributes
                0x00000000000005b1       0x2d d:/programs/stm32/stm32cubeide_1.7.0/stm32cubeide/plugins/com.st.stm32cube.ide.mcu.externaltools.gnu-tools-for-stm32.9-2020-q2-update.win32_2.0.0.202105311346/tools/bin/../lib/gcc/arm-none-eabi/9.3.1/../../../../arm-none-eabi/lib/thumb/v7-m/nofp\libc_nano.a(lib_a-mlock.o)
 .ARM.attributes
                0x00000000000005de       0x2d d:/programs/stm32/stm32cubeide_1.7.0/stm32cubeide/plugins/com.st.stm32cube.ide.mcu.externaltools.gnu-tools-for-stm32.9-2020-q2-update.win32_2.0.0.202105311346/tools/bin/../lib/gcc/arm-none-eabi/9.3.1/../../../../arm-none-eabi/lib/thumb/v7-m/nofp\libc_nano.a(lib_a-nano-svfprintf.o)
 .ARM.attributes
                0x000000000000060b       0x2d d:/programs/stm32/stm32cubeide_1.7.0/stm32cubeide/plugins/com.st.stm32cube.ide.mcu.externaltools.gnu-tools-for-stm32.9-2020-q2-update.win32_2.0.0.202105311346/tools/bin/../lib/gcc/arm-none-eabi/9.3.1/../../../../arm-none-eabi/lib/thumb/v7-m/nofp\libc_nano.a(lib_a-nano-vfprintf_i.o)
 .ARM.attributes
                0x0000000000000638       0x2d d:/programs/stm32/stm32cubeide_1.7.0/stm32cubeide/plugins/com.st.stm32cube.ide.mcu.externaltools.gnu-tools-for-stm32.9-2020-q2-update.win32_2.0.0.202105311346/tools/bin/../lib/gcc/arm-none-eabi/9.3.1/../../../../arm-none-eabi/lib/thumb/v7-m/nofp\libc_nano.a(lib_a-reent.o)
 .ARM.attributes
                0x0000000000000665       0x2d d:/programs/stm32/stm32cubeide_1.7.0/stm32cubeide/plugins/com.st.stm32cube.ide.mcu.externaltools.gnu-tools-for-stm32.9-2020-q2-update.win32_2.0.0.202105311346/tools/bin/../lib/gcc/arm-none-eabi/9.3.1/../../../../arm-none-eabi/lib/thumb/v7-m/nofp\libc_nano.a(lib_a-lock.o)
 .ARM.attributes
                0x0000000000000692       0x2d d:/programs/stm32/stm32cubeide_1.7.0/stm32cubeide/plugins/com.st.stm32cube.ide.mcu.externaltools.gnu-tools-for-stm32.9-2020-q2-update.win32_2.0.0.202105311346/tools/bin/../lib/gcc/arm-none-eabi/9.3.1/../../../../arm-none-eabi/lib/thumb/v7-m/nofp\libc_nano.a(lib_a-memchr-stub.o)
 .ARM.attributes
                0x00000000000006bf       0x2d d:/programs/stm32/stm32cubeide_1.7.0/stm32cubeide/plugins/com.st.stm32cube.ide.mcu.externaltools.gnu-tools-for-stm32.9-2020-q2-update.win32_2.0.0.202105311346/tools/bin/../lib/gcc/arm-none-eabi/9.3.1/../../../../arm-none-eabi/lib/thumb/v7-m/nofp\libc_nano.a(lib_a-memcpy-stub.o)
 .ARM.attributes
                0x00000000000006ec       0x2d d:/programs/stm32/stm32cubeide_1.7.0/stm32cubeide/plugins/com.st.stm32cube.ide.mcu.externaltools.gnu-tools-for-stm32.9-2020-q2-update.win32_2.0.0.202105311346/tools/bin/../lib/gcc/arm-none-eabi/9.3.1/../../../../arm-none-eabi/lib/thumb/v7-m/nofp\libc_nano.a(lib_a-memmove.o)
 .ARM.attributes
                0x0000000000000719       0x2d d:/programs/stm32/stm32cubeide_1.7.0/stm32cubeide/plugins/com.st.stm32cube.ide.mcu.externaltools.gnu-tools-for-stm32.9-2020-q2-update.win32_2.0.0.202105311346/tools/bin/../lib/gcc/arm-none-eabi/9.3.1/../../../../arm-none-eabi/lib/thumb/v7-m/nofp\libc_nano.a(lib_a-nano-reallocr.o)
 .ARM.attributes
                0x0000000000000746       0x2d d:/programs/stm32/stm32cubeide_1.7.0/stm32cubeide/plugins/com.st.stm32cube.ide.mcu.externaltools.gnu-tools-for-stm32.9-2020-q2-update.win32_2.0.0.202105311346/tools/bin/../lib/gcc/arm-none-eabi/9.3.1/../../../../arm-none-eabi/lib/thumb/v7-m/nofp\libc_nano.a(lib_a-nano-msizer.o)
 .ARM.attributes
                0x0000000000000773       0x1d d:/programs/stm32/stm32cubeide_1.7.0/stm32cubeide/plugins/com.st.stm32cube.ide.mcu.externaltools.gnu-tools-for-stm32.9-2020-q2-update.win32_2.0.0.202105311346/tools/bin/../lib/gcc/arm-none-eabi/9.3.1/thumb/v7-m/nofp/crtn.o
OUTPUT(Assignment.elf elf32-littlearm)
LOAD linker stubs
LOAD d:/programs/stm32/stm32cubeide_1.7.0/stm32cubeide/plugins/com.st.stm32cube.ide.mcu.externaltools.gnu-tools-for-stm32.9-2020-q2-update.win32_2.0.0.202105311346/tools/bin/../lib/gcc/arm-none-eabi/9.3.1/../../../../arm-none-eabi/lib/thumb/v7-m/nofp\libc.a
LOAD d:/programs/stm32/stm32cubeide_1.7.0/stm32cubeide/plugins/com.st.stm32cube.ide.mcu.externaltools.gnu-tools-for-stm32.9-2020-q2-update.win32_2.0.0.202105311346/tools/bin/../lib/gcc/arm-none-eabi/9.3.1/../../../../arm-none-eabi/lib/thumb/v7-m/nofp\libm.a
LOAD d:/programs/stm32/stm32cubeide_1.7.0/stm32cubeide/plugins/com.st.stm32cube.ide.mcu.externaltools.gnu-tools-for-stm32.9-2020-q2-update.win32_2.0.0.202105311346/tools/bin/../lib/gcc/arm-none-eabi/9.3.1/thumb/v7-m/nofp\libgcc.a

.debug_info     0x0000000000000000    0x15135
 .debug_info    0x0000000000000000      0xc04 ./Core/Src/button.o
 .debug_info    0x0000000000000c04     0x1340 ./Core/Src/buzzer.o
 .debug_info    0x0000000000001f44     0x136c ./Core/Src/duration.o
 .debug_info    0x00000000000032b0     0x137c ./Core/Src/fsmPedestrian.o
 .debug_info    0x000000000000462c     0x13d0 ./Core/Src/fsmTraffic.o
 .debug_info    0x00000000000059fc     0x136e ./Core/Src/global.o
 .debug_info    0x0000000000006d6a     0x13e7 ./Core/Src/led.o
 .debug_info    0x0000000000008151     0x19af ./Core/Src/main.o
 .debug_info    0x0000000000009b00      0xe38 ./Core/Src/stm32f1xx_hal_msp.o
 .debug_info    0x000000000000a938      0x7de ./Core/Src/stm32f1xx_it.o
 .debug_info    0x000000000000b116      0xa25 ./Core/Src/sysmem.o
 .debug_info    0x000000000000bb3b      0x2be ./Core/Src/system_stm32f1xx.o
 .debug_info    0x000000000000bdf9      0xbdc ./Core/Src/timer.o
 .debug_info    0x000000000000c9d5      0xf35 ./Core/Src/uart.o
 .debug_info    0x000000000000d90a       0x22 ./Core/Startup/startup_stm32f103rbtx.o
 .debug_info    0x000000000000d92c      0x76a ./Drivers/STM32F1xx_HAL_Driver/Src/stm32f1xx_hal.o
 .debug_info    0x000000000000e096      0xbdc ./Drivers/STM32F1xx_HAL_Driver/Src/stm32f1xx_hal_cortex.o
 .debug_info    0x000000000000ec72      0x701 ./Drivers/STM32F1xx_HAL_Driver/Src/stm32f1xx_hal_gpio.o
 .debug_info    0x000000000000f373      0x88e ./Drivers/STM32F1xx_HAL_Driver/Src/stm32f1xx_hal_rcc.o
 .debug_info    0x000000000000fc01     0x2a45 ./Drivers/STM32F1xx_HAL_Driver/Src/stm32f1xx_hal_tim.o
 .debug_info    0x0000000000012646     0x14d5 ./Drivers/STM32F1xx_HAL_Driver/Src/stm32f1xx_hal_tim_ex.o
 .debug_info    0x0000000000013b1b     0x161a ./Drivers/STM32F1xx_HAL_Driver/Src/stm32f1xx_hal_uart.o

.debug_abbrev   0x0000000000000000     0x2de5
 .debug_abbrev  0x0000000000000000      0x23c ./Core/Src/button.o
 .debug_abbrev  0x000000000000023c      0x224 ./Core/Src/buzzer.o
 .debug_abbrev  0x0000000000000460      0x25e ./Core/Src/duration.o
 .debug_abbrev  0x00000000000006be      0x202 ./Core/Src/fsmPedestrian.o
 .debug_abbrev  0x00000000000008c0      0x27b ./Core/Src/fsmTraffic.o
 .debug_abbrev  0x0000000000000b3b      0x1fb ./Core/Src/global.o
 .debug_abbrev  0x0000000000000d36      0x217 ./Core/Src/led.o
 .debug_abbrev  0x0000000000000f4d      0x300 ./Core/Src/main.o
 .debug_abbrev  0x000000000000124d      0x1c8 ./Core/Src/stm32f1xx_hal_msp.o
 .debug_abbrev  0x0000000000001415      0x176 ./Core/Src/stm32f1xx_it.o
 .debug_abbrev  0x000000000000158b      0x1bf ./Core/Src/sysmem.o
 .debug_abbrev  0x000000000000174a      0x14e ./Core/Src/system_stm32f1xx.o
 .debug_abbrev  0x0000000000001898      0x26d ./Core/Src/timer.o
 .debug_abbrev  0x0000000000001b05      0x224 ./Core/Src/uart.o
 .debug_abbrev  0x0000000000001d29       0x12 ./Core/Startup/startup_stm32f103rbtx.o
 .debug_abbrev  0x0000000000001d3b      0x1ed ./Drivers/STM32F1xx_HAL_Driver/Src/stm32f1xx_hal.o
 .debug_abbrev  0x0000000000001f28      0x313 ./Drivers/STM32F1xx_HAL_Driver/Src/stm32f1xx_hal_cortex.o
 .debug_abbrev  0x000000000000223b      0x1e8 ./Drivers/STM32F1xx_HAL_Driver/Src/stm32f1xx_hal_gpio.o
 .debug_abbrev  0x0000000000002423      0x273 ./Drivers/STM32F1xx_HAL_Driver/Src/stm32f1xx_hal_rcc.o
 .debug_abbrev  0x0000000000002696      0x25e ./Drivers/STM32F1xx_HAL_Driver/Src/stm32f1xx_hal_tim.o
 .debug_abbrev  0x00000000000028f4      0x266 ./Drivers/STM32F1xx_HAL_Driver/Src/stm32f1xx_hal_tim_ex.o
 .debug_abbrev  0x0000000000002b5a      0x28b ./Drivers/STM32F1xx_HAL_Driver/Src/stm32f1xx_hal_uart.o

.debug_aranges  0x0000000000000000      0xdb0
 .debug_aranges
                0x0000000000000000       0x38 ./Core/Src/button.o
 .debug_aranges
                0x0000000000000038       0x38 ./Core/Src/buzzer.o
 .debug_aranges
                0x0000000000000070       0x38 ./Core/Src/duration.o
 .debug_aranges
                0x00000000000000a8       0x40 ./Core/Src/fsmPedestrian.o
 .debug_aranges
                0x00000000000000e8       0x68 ./Core/Src/fsmTraffic.o
 .debug_aranges
                0x0000000000000150       0x20 ./Core/Src/global.o
 .debug_aranges
                0x0000000000000170       0x38 ./Core/Src/led.o
 .debug_aranges
                0x00000000000001a8       0x58 ./Core/Src/main.o
 .debug_aranges
                0x0000000000000200       0x48 ./Core/Src/stm32f1xx_hal_msp.o
 .debug_aranges
                0x0000000000000248       0x70 ./Core/Src/stm32f1xx_it.o
 .debug_aranges
                0x00000000000002b8       0x20 ./Core/Src/sysmem.o
 .debug_aranges
                0x00000000000002d8       0x28 ./Core/Src/system_stm32f1xx.o
 .debug_aranges
                0x0000000000000300       0x60 ./Core/Src/timer.o
 .debug_aranges
                0x0000000000000360       0x28 ./Core/Src/uart.o
 .debug_aranges
                0x0000000000000388       0x28 ./Core/Startup/startup_stm32f103rbtx.o
 .debug_aranges
                0x00000000000003b0       0xe0 ./Drivers/STM32F1xx_HAL_Driver/Src/stm32f1xx_hal.o
 .debug_aranges
                0x0000000000000490      0x100 ./Drivers/STM32F1xx_HAL_Driver/Src/stm32f1xx_hal_cortex.o
 .debug_aranges
                0x0000000000000590       0x58 ./Drivers/STM32F1xx_HAL_Driver/Src/stm32f1xx_hal_gpio.o
 .debug_aranges
                0x00000000000005e8       0x90 ./Drivers/STM32F1xx_HAL_Driver/Src/stm32f1xx_hal_rcc.o
 .debug_aranges
                0x0000000000000678      0x3d0 ./Drivers/STM32F1xx_HAL_Driver/Src/stm32f1xx_hal_tim.o
 .debug_aranges
                0x0000000000000a48      0x168 ./Drivers/STM32F1xx_HAL_Driver/Src/stm32f1xx_hal_tim_ex.o
 .debug_aranges
                0x0000000000000bb0      0x200 ./Drivers/STM32F1xx_HAL_Driver/Src/stm32f1xx_hal_uart.o

.debug_ranges   0x0000000000000000      0xc88
 .debug_ranges  0x0000000000000000       0x28 ./Core/Src/button.o
 .debug_ranges  0x0000000000000028       0x28 ./Core/Src/buzzer.o
 .debug_ranges  0x0000000000000050       0x28 ./Core/Src/duration.o
 .debug_ranges  0x0000000000000078       0x30 ./Core/Src/fsmPedestrian.o
 .debug_ranges  0x00000000000000a8       0x58 ./Core/Src/fsmTraffic.o
 .debug_ranges  0x0000000000000100       0x10 ./Core/Src/global.o
 .debug_ranges  0x0000000000000110       0x28 ./Core/Src/led.o
 .debug_ranges  0x0000000000000138       0x48 ./Core/Src/main.o
 .debug_ranges  0x0000000000000180       0x38 ./Core/Src/stm32f1xx_hal_msp.o
 .debug_ranges  0x00000000000001b8       0x60 ./Core/Src/stm32f1xx_it.o
 .debug_ranges  0x0000000000000218       0x10 ./Core/Src/sysmem.o
 .debug_ranges  0x0000000000000228       0x18 ./Core/Src/system_stm32f1xx.o
 .debug_ranges  0x0000000000000240       0x50 ./Core/Src/timer.o
 .debug_ranges  0x0000000000000290       0x18 ./Core/Src/uart.o
 .debug_ranges  0x00000000000002a8       0x20 ./Core/Startup/startup_stm32f103rbtx.o
 .debug_ranges  0x00000000000002c8       0xd0 ./Drivers/STM32F1xx_HAL_Driver/Src/stm32f1xx_hal.o
 .debug_ranges  0x0000000000000398       0xf0 ./Drivers/STM32F1xx_HAL_Driver/Src/stm32f1xx_hal_cortex.o
 .debug_ranges  0x0000000000000488       0x48 ./Drivers/STM32F1xx_HAL_Driver/Src/stm32f1xx_hal_gpio.o
 .debug_ranges  0x00000000000004d0       0x80 ./Drivers/STM32F1xx_HAL_Driver/Src/stm32f1xx_hal_rcc.o
 .debug_ranges  0x0000000000000550      0x3c0 ./Drivers/STM32F1xx_HAL_Driver/Src/stm32f1xx_hal_tim.o
 .debug_ranges  0x0000000000000910      0x158 ./Drivers/STM32F1xx_HAL_Driver/Src/stm32f1xx_hal_tim_ex.o
 .debug_ranges  0x0000000000000a68      0x220 ./Drivers/STM32F1xx_HAL_Driver/Src/stm32f1xx_hal_uart.o

.debug_macro    0x0000000000000000    0x1a17b
 .debug_macro   0x0000000000000000      0x2a8 ./Core/Src/button.o
 .debug_macro   0x00000000000002a8      0xa9c ./Core/Src/button.o
 .debug_macro   0x0000000000000d44      0x21b ./Core/Src/button.o
 .debug_macro   0x0000000000000f5f       0x2e ./Core/Src/button.o
 .debug_macro   0x0000000000000f8d       0x22 ./Core/Src/button.o
 .debug_macro   0x0000000000000faf       0x22 ./Core/Src/button.o
 .debug_macro   0x0000000000000fd1       0x8e ./Core/Src/button.o
 .debug_macro   0x000000000000105f       0x51 ./Core/Src/button.o
 .debug_macro   0x00000000000010b0      0x103 ./Core/Src/button.o
 .debug_macro   0x00000000000011b3       0x6a ./Core/Src/button.o
 .debug_macro   0x000000000000121d      0x1df ./Core/Src/button.o
 .debug_macro   0x00000000000013fc       0x1c ./Core/Src/button.o
 .debug_macro   0x0000000000001418       0x22 ./Core/Src/button.o
 .debug_macro   0x000000000000143a       0xc3 ./Core/Src/button.o
 .debug_macro   0x00000000000014fd      0xd23 ./Core/Src/button.o
 .debug_macro   0x0000000000002220     0xe09e ./Core/Src/button.o
 .debug_macro   0x00000000000102be       0x6d ./Core/Src/button.o
 .debug_macro   0x000000000001032b     0x3468 ./Core/Src/button.o
 .debug_macro   0x0000000000013793      0x174 ./Core/Src/button.o
 .debug_macro   0x0000000000013907       0x5c ./Core/Src/button.o
 .debug_macro   0x0000000000013963      0x5be ./Core/Src/button.o
 .debug_macro   0x0000000000013f21      0x289 ./Core/Src/button.o
 .debug_macro   0x00000000000141aa      0x1cb ./Core/Src/button.o
 .debug_macro   0x0000000000014375      0x114 ./Core/Src/button.o
 .debug_macro   0x0000000000014489      0x1b2 ./Core/Src/button.o
 .debug_macro   0x000000000001463b       0x27 ./Core/Src/button.o
 .debug_macro   0x0000000000014662      0x136 ./Core/Src/button.o
 .debug_macro   0x0000000000014798      0x1bc ./Core/Src/button.o
 .debug_macro   0x0000000000014954       0x34 ./Core/Src/button.o
 .debug_macro   0x0000000000014988       0x3c ./Core/Src/button.o
 .debug_macro   0x00000000000149c4       0x57 ./Core/Src/button.o
 .debug_macro   0x0000000000014a1b       0x88 ./Core/Src/button.o
 .debug_macro   0x0000000000014aa3      0x241 ./Core/Src/button.o
 .debug_macro   0x0000000000014ce4      0x141 ./Core/Src/button.o
 .debug_macro   0x0000000000014e25      0x8d1 ./Core/Src/button.o
 .debug_macro   0x00000000000156f6      0x279 ./Core/Src/button.o
 .debug_macro   0x000000000001596f       0x83 ./Core/Src/button.o
 .debug_macro   0x00000000000159f2       0xd6 ./Core/Src/button.o
 .debug_macro   0x0000000000015ac8       0x28 ./Core/Src/button.o
 .debug_macro   0x0000000000015af0       0x18 ./Core/Src/button.o
 .debug_macro   0x0000000000015b08       0x52 ./Core/Src/button.o
 .debug_macro   0x0000000000015b5a       0x3c ./Core/Src/button.o
 .debug_macro   0x0000000000015b96       0x34 ./Core/Src/button.o
 .debug_macro   0x0000000000015bca       0x16 ./Core/Src/button.o
 .debug_macro   0x0000000000015be0       0x35 ./Core/Src/button.o
 .debug_macro   0x0000000000015c15       0x16 ./Core/Src/button.o
 .debug_macro   0x0000000000015c2b       0x43 ./Core/Src/button.o
 .debug_macro   0x0000000000015c6e       0x34 ./Core/Src/button.o
 .debug_macro   0x0000000000015ca2       0x10 ./Core/Src/button.o
 .debug_macro   0x0000000000015cb2       0x58 ./Core/Src/button.o
 .debug_macro   0x0000000000015d0a       0x71 ./Core/Src/button.o
 .debug_macro   0x0000000000015d7b       0x1c ./Core/Src/button.o
 .debug_macro   0x0000000000015d97      0x12a ./Core/Src/button.o
 .debug_macro   0x0000000000015ec1      0x333 ./Core/Src/button.o
 .debug_macro   0x00000000000161f4       0x16 ./Core/Src/button.o
 .debug_macro   0x000000000001620a       0x29 ./Core/Src/button.o
 .debug_macro   0x0000000000016233       0x34 ./Core/Src/button.o
 .debug_macro   0x0000000000016267      0x390 ./Core/Src/buzzer.o
 .debug_macro   0x00000000000165f7       0x22 ./Core/Src/buzzer.o
 .debug_macro   0x0000000000016619       0x1c ./Core/Src/buzzer.o
 .debug_macro   0x0000000000016635       0x10 ./Core/Src/buzzer.o
 .debug_macro   0x0000000000016645       0x10 ./Core/Src/buzzer.o
 .debug_macro   0x0000000000016655       0x1c ./Core/Src/buzzer.o
 .debug_macro   0x0000000000016671       0x52 ./Core/Src/buzzer.o
 .debug_macro   0x00000000000166c3       0x22 ./Core/Src/buzzer.o
 .debug_macro   0x00000000000166e5       0x10 ./Core/Src/buzzer.o
 .debug_macro   0x00000000000166f5       0x40 ./Core/Src/buzzer.o
 .debug_macro   0x0000000000016735       0xd5 ./Core/Src/buzzer.o
 .debug_macro   0x000000000001680a       0x1c ./Core/Src/buzzer.o
 .debug_macro   0x0000000000016826       0x3d ./Core/Src/buzzer.o
 .debug_macro   0x0000000000016863       0x16 ./Core/Src/buzzer.o
 .debug_macro   0x0000000000016879      0x145 ./Core/Src/buzzer.o
 .debug_macro   0x00000000000169be       0x2e ./Core/Src/buzzer.o
 .debug_macro   0x00000000000169ec       0x2e ./Core/Src/buzzer.o
 .debug_macro   0x0000000000016a1a      0x396 ./Core/Src/duration.o
 .debug_macro   0x0000000000016db0       0x1c ./Core/Src/duration.o
 .debug_macro   0x0000000000016dcc      0x10e ./Core/Src/duration.o
 .debug_macro   0x0000000000016eda       0x8d ./Core/Src/duration.o
 .debug_macro   0x0000000000016f67      0x339 ./Core/Src/duration.o
 .debug_macro   0x00000000000172a0       0xbd ./Core/Src/duration.o
 .debug_macro   0x000000000001735d       0x56 ./Core/Src/duration.o
 .debug_macro   0x00000000000173b3      0x3a4 ./Core/Src/fsmPedestrian.o
 .debug_macro   0x0000000000017757       0x1c ./Core/Src/fsmPedestrian.o
 .debug_macro   0x0000000000017773       0x7c ./Core/Src/fsmPedestrian.o
 .debug_macro   0x00000000000177ef      0x39b ./Core/Src/fsmTraffic.o
 .debug_macro   0x0000000000017b8a       0x76 ./Core/Src/fsmTraffic.o
 .debug_macro   0x0000000000017c00      0x38c ./Core/Src/global.o
 .debug_macro   0x0000000000017f8c      0x39a ./Core/Src/led.o
 .debug_macro   0x0000000000018326       0x28 ./Core/Src/led.o
 .debug_macro   0x000000000001834e      0x3ac ./Core/Src/main.o
 .debug_macro   0x00000000000186fa       0x22 ./Core/Src/main.o
 .debug_macro   0x000000000001871c      0x1b2 ./Core/Src/stm32f1xx_hal_msp.o
 .debug_macro   0x00000000000188ce      0x1bc ./Core/Src/stm32f1xx_it.o
 .debug_macro   0x0000000000018a8a       0xff ./Core/Src/sysmem.o
 .debug_macro   0x0000000000018b89      0x23b ./Core/Src/sysmem.o
 .debug_macro   0x0000000000018dc4      0x1a3 ./Core/Src/system_stm32f1xx.o
 .debug_macro   0x0000000000018f67      0x13d ./Core/Src/timer.o
 .debug_macro   0x00000000000190a4      0x315 ./Core/Src/uart.o
 .debug_macro   0x00000000000193b9       0x16 ./Core/Src/uart.o
 .debug_macro   0x00000000000193cf       0x97 ./Core/Src/uart.o
 .debug_macro   0x0000000000019466       0xfd ./Core/Src/uart.o
 .debug_macro   0x0000000000019563      0x1c7 ./Drivers/STM32F1xx_HAL_Driver/Src/stm32f1xx_hal.o
 .debug_macro   0x000000000001972a      0x1a3 ./Drivers/STM32F1xx_HAL_Driver/Src/stm32f1xx_hal_cortex.o
 .debug_macro   0x00000000000198cd      0x20e ./Drivers/STM32F1xx_HAL_Driver/Src/stm32f1xx_hal_gpio.o
 .debug_macro   0x0000000000019adb      0x1b5 ./Drivers/STM32F1xx_HAL_Driver/Src/stm32f1xx_hal_rcc.o
 .debug_macro   0x0000000000019c90      0x1a4 ./Drivers/STM32F1xx_HAL_Driver/Src/stm32f1xx_hal_tim.o
 .debug_macro   0x0000000000019e34      0x1a3 ./Drivers/STM32F1xx_HAL_Driver/Src/stm32f1xx_hal_tim_ex.o
 .debug_macro   0x0000000000019fd7      0x1a4 ./Drivers/STM32F1xx_HAL_Driver/Src/stm32f1xx_hal_uart.o

.debug_line     0x0000000000000000    0x10e3c
 .debug_line    0x0000000000000000      0x911 ./Core/Src/button.o
 .debug_line    0x0000000000000911      0x952 ./Core/Src/buzzer.o
 .debug_line    0x0000000000001263      0x9bc ./Core/Src/duration.o
 .debug_line    0x0000000000001c1f      0xa4c ./Core/Src/fsmPedestrian.o
 .debug_line    0x000000000000266b      0xc48 ./Core/Src/fsmTraffic.o
 .debug_line    0x00000000000032b3      0x90d ./Core/Src/global.o
 .debug_line    0x0000000000003bc0      0x9b8 ./Core/Src/led.o
 .debug_line    0x0000000000004578      0xb2a ./Core/Src/main.o
 .debug_line    0x00000000000050a2      0x77d ./Core/Src/stm32f1xx_hal_msp.o
 .debug_line    0x000000000000581f      0x79f ./Core/Src/stm32f1xx_it.o
 .debug_line    0x0000000000005fbe      0x534 ./Core/Src/sysmem.o
 .debug_line    0x00000000000064f2      0x72b ./Core/Src/system_stm32f1xx.o
 .debug_line    0x0000000000006c1d      0x747 ./Core/Src/timer.o
 .debug_line    0x0000000000007364      0x8b0 ./Core/Src/uart.o
 .debug_line    0x0000000000007c14       0x87 ./Core/Startup/startup_stm32f103rbtx.o
 .debug_line    0x0000000000007c9b      0x958 ./Drivers/STM32F1xx_HAL_Driver/Src/stm32f1xx_hal.o
 .debug_line    0x00000000000085f3      0xb40 ./Drivers/STM32F1xx_HAL_Driver/Src/stm32f1xx_hal_cortex.o
 .debug_line    0x0000000000009133      0x9ef ./Drivers/STM32F1xx_HAL_Driver/Src/stm32f1xx_hal_gpio.o
 .debug_line    0x0000000000009b22      0xd66 ./Drivers/STM32F1xx_HAL_Driver/Src/stm32f1xx_hal_rcc.o
 .debug_line    0x000000000000a888     0x3301 ./Drivers/STM32F1xx_HAL_Driver/Src/stm32f1xx_hal_tim.o
 .debug_line    0x000000000000db89     0x1880 ./Drivers/STM32F1xx_HAL_Driver/Src/stm32f1xx_hal_tim_ex.o
 .debug_line    0x000000000000f409     0x1a33 ./Drivers/STM32F1xx_HAL_Driver/Src/stm32f1xx_hal_uart.o

.debug_str      0x0000000000000000    0x8b386
 .debug_str     0x0000000000000000    0x8672e ./Core/Src/button.o
                                      0x86b0c (size before relaxing)
 .debug_str     0x000000000008672e     0x170e ./Core/Src/buzzer.o
                                      0x881ef (size before relaxing)
 .debug_str     0x0000000000087e3c       0x72 ./Core/Src/duration.o
                                      0x881fc (size before relaxing)
 .debug_str     0x0000000000087eae      0x1e2 ./Core/Src/fsmPedestrian.o
                                      0x88379 (size before relaxing)
 .debug_str     0x0000000000088090       0xb9 ./Core/Src/fsmTraffic.o
                                      0x88360 (size before relaxing)
 .debug_str     0x0000000000088149       0x26 ./Core/Src/global.o
                                      0x881bd (size before relaxing)
 .debug_str     0x000000000008816f       0x47 ./Core/Src/led.o
                                      0x881ff (size before relaxing)
 .debug_str     0x00000000000881b6      0x5d5 ./Core/Src/main.o
                                      0x8896b (size before relaxing)
 .debug_str     0x000000000008878b       0xce ./Core/Src/stm32f1xx_hal_msp.o
                                      0x841b4 (size before relaxing)
 .debug_str     0x0000000000088859       0xe2 ./Core/Src/stm32f1xx_it.o
                                      0x83c96 (size before relaxing)
 .debug_str     0x000000000008893b      0x4e9 ./Core/Src/sysmem.o
                                       0x6260 (size before relaxing)
 .debug_str     0x0000000000088e24       0x52 ./Core/Src/system_stm32f1xx.o
                                      0x83457 (size before relaxing)
 .debug_str     0x0000000000088e76       0xef ./Core/Src/timer.o
                                       0x73e5 (size before relaxing)
 .debug_str     0x0000000000088f65       0x2b ./Core/Src/uart.o
                                      0x87bb9 (size before relaxing)
 .debug_str     0x0000000000088f90       0x36 ./Core/Startup/startup_stm32f103rbtx.o
                                         0x74 (size before relaxing)
 .debug_str     0x0000000000088fc6      0x304 ./Drivers/STM32F1xx_HAL_Driver/Src/stm32f1xx_hal.o
                                      0x83ae8 (size before relaxing)
 .debug_str     0x00000000000892ca      0x300 ./Drivers/STM32F1xx_HAL_Driver/Src/stm32f1xx_hal_cortex.o
                                      0x83af0 (size before relaxing)
 .debug_str     0x00000000000895ca      0x324 ./Drivers/STM32F1xx_HAL_Driver/Src/stm32f1xx_hal_gpio.o
                                      0x8381b (size before relaxing)
 .debug_str     0x00000000000898ee      0x24f ./Drivers/STM32F1xx_HAL_Driver/Src/stm32f1xx_hal_rcc.o
                                      0x83854 (size before relaxing)
 .debug_str     0x0000000000089b3d      0xd73 ./Drivers/STM32F1xx_HAL_Driver/Src/stm32f1xx_hal_tim.o
                                      0x84826 (size before relaxing)
 .debug_str     0x000000000008a8b0      0x4ee ./Drivers/STM32F1xx_HAL_Driver/Src/stm32f1xx_hal_tim_ex.o
                                      0x83fd7 (size before relaxing)
 .debug_str     0x000000000008ad9e      0x5e8 ./Drivers/STM32F1xx_HAL_Driver/Src/stm32f1xx_hal_uart.o
                                      0x83e46 (size before relaxing)

.comment        0x0000000000000000       0x53
 .comment       0x0000000000000000       0x53 ./Core/Src/button.o
                                         0x54 (size before relaxing)
 .comment       0x0000000000000053       0x54 ./Core/Src/buzzer.o
 .comment       0x0000000000000053       0x54 ./Core/Src/duration.o
 .comment       0x0000000000000053       0x54 ./Core/Src/fsmPedestrian.o
 .comment       0x0000000000000053       0x54 ./Core/Src/fsmTraffic.o
 .comment       0x0000000000000053       0x54 ./Core/Src/global.o
 .comment       0x0000000000000053       0x54 ./Core/Src/led.o
 .comment       0x0000000000000053       0x54 ./Core/Src/main.o
 .comment       0x0000000000000053       0x54 ./Core/Src/stm32f1xx_hal_msp.o
 .comment       0x0000000000000053       0x54 ./Core/Src/stm32f1xx_it.o
 .comment       0x0000000000000053       0x54 ./Core/Src/sysmem.o
 .comment       0x0000000000000053       0x54 ./Core/Src/system_stm32f1xx.o
 .comment       0x0000000000000053       0x54 ./Core/Src/timer.o
 .comment       0x0000000000000053       0x54 ./Core/Src/uart.o
 .comment       0x0000000000000053       0x54 ./Drivers/STM32F1xx_HAL_Driver/Src/stm32f1xx_hal.o
 .comment       0x0000000000000053       0x54 ./Drivers/STM32F1xx_HAL_Driver/Src/stm32f1xx_hal_cortex.o
 .comment       0x0000000000000053       0x54 ./Drivers/STM32F1xx_HAL_Driver/Src/stm32f1xx_hal_gpio.o
 .comment       0x0000000000000053       0x54 ./Drivers/STM32F1xx_HAL_Driver/Src/stm32f1xx_hal_rcc.o
 .comment       0x0000000000000053       0x54 ./Drivers/STM32F1xx_HAL_Driver/Src/stm32f1xx_hal_tim.o
 .comment       0x0000000000000053       0x54 ./Drivers/STM32F1xx_HAL_Driver/Src/stm32f1xx_hal_tim_ex.o
 .comment       0x0000000000000053       0x54 ./Drivers/STM32F1xx_HAL_Driver/Src/stm32f1xx_hal_uart.o

.debug_frame    0x0000000000000000     0x3a50
 .debug_frame   0x0000000000000000       0xac ./Core/Src/button.o
 .debug_frame   0x00000000000000ac       0x8c ./Core/Src/buzzer.o
 .debug_frame   0x0000000000000138       0x9c ./Core/Src/duration.o
 .debug_frame   0x00000000000001d4       0xa0 ./Core/Src/fsmPedestrian.o
 .debug_frame   0x0000000000000274      0x140 ./Core/Src/fsmTraffic.o
 .debug_frame   0x00000000000003b4       0x30 ./Core/Src/global.o
 .debug_frame   0x00000000000003e4       0x98 ./Core/Src/led.o
 .debug_frame   0x000000000000047c      0x114 ./Core/Src/main.o
 .debug_frame   0x0000000000000590       0xec ./Core/Src/stm32f1xx_hal_msp.o
 .debug_frame   0x000000000000067c      0x13c ./Core/Src/stm32f1xx_it.o
 .debug_frame   0x00000000000007b8       0x34 ./Core/Src/sysmem.o
 .debug_frame   0x00000000000007ec       0x58 ./Core/Src/system_stm32f1xx.o
 .debug_frame   0x0000000000000844      0x158 ./Core/Src/timer.o
 .debug_frame   0x000000000000099c       0x50 ./Core/Src/uart.o
 .debug_frame   0x00000000000009ec      0x334 ./Drivers/STM32F1xx_HAL_Driver/Src/stm32f1xx_hal.o
 .debug_frame   0x0000000000000d20      0x428 ./Drivers/STM32F1xx_HAL_Driver/Src/stm32f1xx_hal_cortex.o
 .debug_frame   0x0000000000001148      0x14c ./Drivers/STM32F1xx_HAL_Driver/Src/stm32f1xx_hal_gpio.o
 .debug_frame   0x0000000000001294      0x21c ./Drivers/STM32F1xx_HAL_Driver/Src/stm32f1xx_hal_rcc.o
 .debug_frame   0x00000000000014b0     0x11b8 ./Drivers/STM32F1xx_HAL_Driver/Src/stm32f1xx_hal_tim.o
 .debug_frame   0x0000000000002668      0x638 ./Drivers/STM32F1xx_HAL_Driver/Src/stm32f1xx_hal_tim_ex.o
 .debug_frame   0x0000000000002ca0      0x914 ./Drivers/STM32F1xx_HAL_Driver/Src/stm32f1xx_hal_uart.o
 .debug_frame   0x00000000000035b4       0x20 d:/programs/stm32/stm32cubeide_1.7.0/stm32cubeide/plugins/com.st.stm32cube.ide.mcu.externaltools.gnu-tools-for-stm32.9-2020-q2-update.win32_2.0.0.202105311346/tools/bin/../lib/gcc/arm-none-eabi/9.3.1/../../../../arm-none-eabi/lib/thumb/v7-m/nofp\libc_nano.a(lib_a-errno.o)
 .debug_frame   0x00000000000035d4       0x2c d:/programs/stm32/stm32cubeide_1.7.0/stm32cubeide/plugins/com.st.stm32cube.ide.mcu.externaltools.gnu-tools-for-stm32.9-2020-q2-update.win32_2.0.0.202105311346/tools/bin/../lib/gcc/arm-none-eabi/9.3.1/../../../../arm-none-eabi/lib/thumb/v7-m/nofp\libc_nano.a(lib_a-init.o)
 .debug_frame   0x0000000000003600       0x30 d:/programs/stm32/stm32cubeide_1.7.0/stm32cubeide/plugins/com.st.stm32cube.ide.mcu.externaltools.gnu-tools-for-stm32.9-2020-q2-update.win32_2.0.0.202105311346/tools/bin/../lib/gcc/arm-none-eabi/9.3.1/../../../../arm-none-eabi/lib/thumb/v7-m/nofp\libc_nano.a(lib_a-malloc.o)
 .debug_frame   0x0000000000003630       0x20 d:/programs/stm32/stm32cubeide_1.7.0/stm32cubeide/plugins/com.st.stm32cube.ide.mcu.externaltools.gnu-tools-for-stm32.9-2020-q2-update.win32_2.0.0.202105311346/tools/bin/../lib/gcc/arm-none-eabi/9.3.1/../../../../arm-none-eabi/lib/thumb/v7-m/nofp\libc_nano.a(lib_a-memset.o)
 .debug_frame   0x0000000000003650       0x38 d:/programs/stm32/stm32cubeide_1.7.0/stm32cubeide/plugins/com.st.stm32cube.ide.mcu.externaltools.gnu-tools-for-stm32.9-2020-q2-update.win32_2.0.0.202105311346/tools/bin/../lib/gcc/arm-none-eabi/9.3.1/../../../../arm-none-eabi/lib/thumb/v7-m/nofp\libc_nano.a(lib_a-nano-freer.o)
 .debug_frame   0x0000000000003688       0x30 d:/programs/stm32/stm32cubeide_1.7.0/stm32cubeide/plugins/com.st.stm32cube.ide.mcu.externaltools.gnu-tools-for-stm32.9-2020-q2-update.win32_2.0.0.202105311346/tools/bin/../lib/gcc/arm-none-eabi/9.3.1/../../../../arm-none-eabi/lib/thumb/v7-m/nofp\libc_nano.a(lib_a-nano-mallocr.o)
 .debug_frame   0x00000000000036b8       0x2c d:/programs/stm32/stm32cubeide_1.7.0/stm32cubeide/plugins/com.st.stm32cube.ide.mcu.externaltools.gnu-tools-for-stm32.9-2020-q2-update.win32_2.0.0.202105311346/tools/bin/../lib/gcc/arm-none-eabi/9.3.1/../../../../arm-none-eabi/lib/thumb/v7-m/nofp\libc_nano.a(lib_a-sbrkr.o)
 .debug_frame   0x00000000000036e4       0x6c d:/programs/stm32/stm32cubeide_1.7.0/stm32cubeide/plugins/com.st.stm32cube.ide.mcu.externaltools.gnu-tools-for-stm32.9-2020-q2-update.win32_2.0.0.202105311346/tools/bin/../lib/gcc/arm-none-eabi/9.3.1/../../../../arm-none-eabi/lib/thumb/v7-m/nofp\libc_nano.a(lib_a-sprintf.o)
 .debug_frame   0x0000000000003750       0x30 d:/programs/stm32/stm32cubeide_1.7.0/stm32cubeide/plugins/com.st.stm32cube.ide.mcu.externaltools.gnu-tools-for-stm32.9-2020-q2-update.win32_2.0.0.202105311346/tools/bin/../lib/gcc/arm-none-eabi/9.3.1/../../../../arm-none-eabi/lib/thumb/v7-m/nofp\libc_nano.a(lib_a-mlock.o)
 .debug_frame   0x0000000000003780       0x90 d:/programs/stm32/stm32cubeide_1.7.0/stm32cubeide/plugins/com.st.stm32cube.ide.mcu.externaltools.gnu-tools-for-stm32.9-2020-q2-update.win32_2.0.0.202105311346/tools/bin/../lib/gcc/arm-none-eabi/9.3.1/../../../../arm-none-eabi/lib/thumb/v7-m/nofp\libc_nano.a(lib_a-nano-svfprintf.o)
 .debug_frame   0x0000000000003810       0x60 d:/programs/stm32/stm32cubeide_1.7.0/stm32cubeide/plugins/com.st.stm32cube.ide.mcu.externaltools.gnu-tools-for-stm32.9-2020-q2-update.win32_2.0.0.202105311346/tools/bin/../lib/gcc/arm-none-eabi/9.3.1/../../../../arm-none-eabi/lib/thumb/v7-m/nofp\libc_nano.a(lib_a-nano-vfprintf_i.o)
 .debug_frame   0x0000000000003870       0x5c d:/programs/stm32/stm32cubeide_1.7.0/stm32cubeide/plugins/com.st.stm32cube.ide.mcu.externaltools.gnu-tools-for-stm32.9-2020-q2-update.win32_2.0.0.202105311346/tools/bin/../lib/gcc/arm-none-eabi/9.3.1/../../../../arm-none-eabi/lib/thumb/v7-m/nofp\libc_nano.a(lib_a-reent.o)
 .debug_frame   0x00000000000038cc       0xb0 d:/programs/stm32/stm32cubeide_1.7.0/stm32cubeide/plugins/com.st.stm32cube.ide.mcu.externaltools.gnu-tools-for-stm32.9-2020-q2-update.win32_2.0.0.202105311346/tools/bin/../lib/gcc/arm-none-eabi/9.3.1/../../../../arm-none-eabi/lib/thumb/v7-m/nofp\libc_nano.a(lib_a-lock.o)
 .debug_frame   0x000000000000397c       0x28 d:/programs/stm32/stm32cubeide_1.7.0/stm32cubeide/plugins/com.st.stm32cube.ide.mcu.externaltools.gnu-tools-for-stm32.9-2020-q2-update.win32_2.0.0.202105311346/tools/bin/../lib/gcc/arm-none-eabi/9.3.1/../../../../arm-none-eabi/lib/thumb/v7-m/nofp\libc_nano.a(lib_a-memchr-stub.o)
 .debug_frame   0x00000000000039a4       0x28 d:/programs/stm32/stm32cubeide_1.7.0/stm32cubeide/plugins/com.st.stm32cube.ide.mcu.externaltools.gnu-tools-for-stm32.9-2020-q2-update.win32_2.0.0.202105311346/tools/bin/../lib/gcc/arm-none-eabi/9.3.1/../../../../arm-none-eabi/lib/thumb/v7-m/nofp\libc_nano.a(lib_a-memcpy-stub.o)
 .debug_frame   0x00000000000039cc       0x28 d:/programs/stm32/stm32cubeide_1.7.0/stm32cubeide/plugins/com.st.stm32cube.ide.mcu.externaltools.gnu-tools-for-stm32.9-2020-q2-update.win32_2.0.0.202105311346/tools/bin/../lib/gcc/arm-none-eabi/9.3.1/../../../../arm-none-eabi/lib/thumb/v7-m/nofp\libc_nano.a(lib_a-memmove.o)